Archive member included to satisfy reference by file (symbol)

/home/carrie/Program/st-stm32cubeide_1.4.0_7511_20200720_0928_amd64.sh.root/plugins/com.st.stm32cube.ide.mcu.externaltools.gnu-tools-for-stm32.7-2018-q2-update.linux64_1.4.0.202007081208/tools/bin/../lib/gcc/arm-none-eabi/7.3.1/../../../../arm-none-eabi/lib/thumb/v7e-m/fpv4-sp/hard/libc_nano.a(lib_a-errno.o)
                              Core/Src/syscalls.o (__errno)
/home/carrie/Program/st-stm32cubeide_1.4.0_7511_20200720_0928_amd64.sh.root/plugins/com.st.stm32cube.ide.mcu.externaltools.gnu-tools-for-stm32.7-2018-q2-update.linux64_1.4.0.202007081208/tools/bin/../lib/gcc/arm-none-eabi/7.3.1/../../../../arm-none-eabi/lib/thumb/v7e-m/fpv4-sp/hard/libc_nano.a(lib_a-exit.o)
                              /home/carrie/Program/st-stm32cubeide_1.4.0_7511_20200720_0928_amd64.sh.root/plugins/com.st.stm32cube.ide.mcu.externaltools.gnu-tools-for-stm32.7-2018-q2-update.linux64_1.4.0.202007081208/tools/bin/../lib/gcc/arm-none-eabi/7.3.1/../../../../arm-none-eabi/lib/thumb/v7e-m/fpv4-sp/hard/crt0.o (exit)
/home/carrie/Program/st-stm32cubeide_1.4.0_7511_20200720_0928_amd64.sh.root/plugins/com.st.stm32cube.ide.mcu.externaltools.gnu-tools-for-stm32.7-2018-q2-update.linux64_1.4.0.202007081208/tools/bin/../lib/gcc/arm-none-eabi/7.3.1/../../../../arm-none-eabi/lib/thumb/v7e-m/fpv4-sp/hard/libc_nano.a(lib_a-impure.o)
                              /home/carrie/Program/st-stm32cubeide_1.4.0_7511_20200720_0928_amd64.sh.root/plugins/com.st.stm32cube.ide.mcu.externaltools.gnu-tools-for-stm32.7-2018-q2-update.linux64_1.4.0.202007081208/tools/bin/../lib/gcc/arm-none-eabi/7.3.1/../../../../arm-none-eabi/lib/thumb/v7e-m/fpv4-sp/hard/libc_nano.a(lib_a-exit.o) (_global_impure_ptr)
/home/carrie/Program/st-stm32cubeide_1.4.0_7511_20200720_0928_amd64.sh.root/plugins/com.st.stm32cube.ide.mcu.externaltools.gnu-tools-for-stm32.7-2018-q2-update.linux64_1.4.0.202007081208/tools/bin/../lib/gcc/arm-none-eabi/7.3.1/../../../../arm-none-eabi/lib/thumb/v7e-m/fpv4-sp/hard/libc_nano.a(lib_a-init.o)
                              /home/carrie/Program/st-stm32cubeide_1.4.0_7511_20200720_0928_amd64.sh.root/plugins/com.st.stm32cube.ide.mcu.externaltools.gnu-tools-for-stm32.7-2018-q2-update.linux64_1.4.0.202007081208/tools/bin/../lib/gcc/arm-none-eabi/7.3.1/../../../../arm-none-eabi/lib/thumb/v7e-m/fpv4-sp/hard/crt0.o (__libc_init_array)
/home/carrie/Program/st-stm32cubeide_1.4.0_7511_20200720_0928_amd64.sh.root/plugins/com.st.stm32cube.ide.mcu.externaltools.gnu-tools-for-stm32.7-2018-q2-update.linux64_1.4.0.202007081208/tools/bin/../lib/gcc/arm-none-eabi/7.3.1/../../../../arm-none-eabi/lib/thumb/v7e-m/fpv4-sp/hard/libc_nano.a(lib_a-memcpy-stub.o)
                              Core/Inc/SSD1306/ssd1306.o (memcpy)
/home/carrie/Program/st-stm32cubeide_1.4.0_7511_20200720_0928_amd64.sh.root/plugins/com.st.stm32cube.ide.mcu.externaltools.gnu-tools-for-stm32.7-2018-q2-update.linux64_1.4.0.202007081208/tools/bin/../lib/gcc/arm-none-eabi/7.3.1/../../../../arm-none-eabi/lib/thumb/v7e-m/fpv4-sp/hard/libc_nano.a(lib_a-memmove.o)
                              Core/Inc/SSD1306/ssd1306_tests.o (memmove)
/home/carrie/Program/st-stm32cubeide_1.4.0_7511_20200720_0928_amd64.sh.root/plugins/com.st.stm32cube.ide.mcu.externaltools.gnu-tools-for-stm32.7-2018-q2-update.linux64_1.4.0.202007081208/tools/bin/../lib/gcc/arm-none-eabi/7.3.1/../../../../arm-none-eabi/lib/thumb/v7e-m/fpv4-sp/hard/libc_nano.a(lib_a-memset.o)
                              /home/carrie/Program/st-stm32cubeide_1.4.0_7511_20200720_0928_amd64.sh.root/plugins/com.st.stm32cube.ide.mcu.externaltools.gnu-tools-for-stm32.7-2018-q2-update.linux64_1.4.0.202007081208/tools/bin/../lib/gcc/arm-none-eabi/7.3.1/../../../../arm-none-eabi/lib/thumb/v7e-m/fpv4-sp/hard/crt0.o (memset)
/home/carrie/Program/st-stm32cubeide_1.4.0_7511_20200720_0928_amd64.sh.root/plugins/com.st.stm32cube.ide.mcu.externaltools.gnu-tools-for-stm32.7-2018-q2-update.linux64_1.4.0.202007081208/tools/bin/../lib/gcc/arm-none-eabi/7.3.1/../../../../arm-none-eabi/lib/thumb/v7e-m/fpv4-sp/hard/libc_nano.a(lib_a-nano-vfscanf_float.o)
                              (_scanf_float)
/home/carrie/Program/st-stm32cubeide_1.4.0_7511_20200720_0928_amd64.sh.root/plugins/com.st.stm32cube.ide.mcu.externaltools.gnu-tools-for-stm32.7-2018-q2-update.linux64_1.4.0.202007081208/tools/bin/../lib/gcc/arm-none-eabi/7.3.1/../../../../arm-none-eabi/lib/thumb/v7e-m/fpv4-sp/hard/libc_nano.a(lib_a-sf_nan.o)
                              /home/carrie/Program/st-stm32cubeide_1.4.0_7511_20200720_0928_amd64.sh.root/plugins/com.st.stm32cube.ide.mcu.externaltools.gnu-tools-for-stm32.7-2018-q2-update.linux64_1.4.0.202007081208/tools/bin/../lib/gcc/arm-none-eabi/7.3.1/../../../../arm-none-eabi/lib/thumb/v7e-m/fpv4-sp/hard/libc_nano.a(lib_a-nano-vfscanf_float.o) (nanf)
[...]
Memory Configuration

Name             Origin             Length             Attributes
RAM              0x0000000020000000 0x0000000000018000 xrw
RAM2             0x0000000010000000 0x0000000000008000 xrw
FLASH            0x0000000008000000 0x0000000000100000 xr
*default*        0x0000000000000000 0xffffffffffffffff

Linker script and memory map

LOAD /home/carrie/Program/st-stm32cubeide_1.4.0_7511_20200720_0928_amd64.sh.root/plugins/com.st.stm32cube.ide.mcu.externaltools.gnu-tools-for-stm32.7-2018-q2-update.linux64_1.4.0.202007081208/tools/bin/../lib/gcc/arm-none-eabi/7.3.1/thumb/v7e-m/fpv4-sp/hard/crti.o
LOAD /home/carrie/Program/st-stm32cubeide_1.4.0_7511_20200720_0928_amd64.sh.root/plugins/com.st.stm32cube.ide.mcu.externaltools.gnu-tools-for-stm32.7-2018-q2-update.linux64_1.4.0.202007081208/tools/bin/../lib/gcc/arm-none-eabi/7.3.1/thumb/v7e-m/fpv4-sp/hard/crtbegin.o
LOAD /home/carrie/Program/st-stm32cubeide_1.4.0_7511_20200720_0928_amd64.sh.root/plugins/com.st.stm32cube.ide.mcu.externaltools.gnu-tools-for-stm32.7-2018-q2-update.linux64_1.4.0.202007081208/tools/bin/../lib/gcc/arm-none-eabi/7.3.1/../../../../arm-none-eabi/lib/thumb/v7e-m/fpv4-sp/hard/crt0.o
LOAD Core/Inc/SSD1306/ssd1306.o
LOAD Core/Inc/SSD1306/ssd1306_fonts.o
LOAD Core/Inc/SSD1306/ssd1306_tests.o
LOAD Core/Src/BB.o
LOAD Core/Src/GPS.o
LOAD Core/Src/LoRa.o
LOAD Core/Src/imu.o
LOAD Core/Src/main.o
LOAD Core/Src/stm32l4xx_hal_msp.o
LOAD Core/Src/stm32l4xx_it.o
LOAD Core/Src/syscalls.o
LOAD Core/Src/system_stm32l4xx.o
LOAD Core/Src/usart.o
LOAD Drivers/STM32L4xx_HAL_Driver/Src/stm32l4xx_hal.o
LOAD Drivers/STM32L4xx_HAL_Driver/Src/stm32l4xx_hal_cortex.o
LOAD Drivers/STM32L4xx_HAL_Driver/Src/stm32l4xx_hal_dma.o
LOAD Drivers/STM32L4xx_HAL_Driver/Src/stm32l4xx_hal_dma_ex.o
LOAD Drivers/STM32L4xx_HAL_Driver/Src/stm32l4xx_hal_exti.o
LOAD Drivers/STM32L4xx_HAL_Driver/Src/stm32l4xx_hal_flash.o
LOAD Drivers/STM32L4xx_HAL_Driver/Src/stm32l4xx_hal_flash_ex.o
LOAD Drivers/STM32L4xx_HAL_Driver/Src/stm32l4xx_hal_flash_ramfunc.o
LOAD Drivers/STM32L4xx_HAL_Driver/Src/stm32l4xx_hal_gpio.o
LOAD Drivers/STM32L4xx_HAL_Driver/Src/stm32l4xx_hal_i2c.o
LOAD Drivers/STM32L4xx_HAL_Driver/Src/stm32l4xx_hal_i2c_ex.o
LOAD Drivers/STM32L4xx_HAL_Driver/Src/stm32l4xx_hal_pwr.o
LOAD Drivers/STM32L4xx_HAL_Driver/Src/stm32l4xx_hal_pwr_ex.o
LOAD Drivers/STM32L4xx_HAL_Driver/Src/stm32l4xx_hal_rcc.o
LOAD Drivers/STM32L4xx_HAL_Driver/Src/stm32l4xx_hal_rcc_ex.o
LOAD Drivers/STM32L4xx_HAL_Driver/Src/stm32l4xx_hal_spi.o
LOAD Drivers/STM32L4xx_HAL_Driver/Src/stm32l4xx_hal_spi_ex.o
LOAD Drivers/STM32L4xx_HAL_Driver/Src/stm32l4xx_hal_tim.o
LOAD Drivers/STM32L4xx_HAL_Driver/Src/stm32l4xx_hal_tim_ex.o
LOAD Drivers/STM32L4xx_HAL_Driver/Src/stm32l4xx_hal_uart.o
LOAD Drivers/STM32L4xx_HAL_Driver/Src/stm32l4xx_hal_uart_ex.o
LOAD startup/startup_stm32l476xx.o
START GROUP
LOAD /home/carrie/Program/st-stm32cubeide_1.4.0_7511_20200720_0928_amd64.sh.root/plugins/com.st.stm32cube.ide.mcu.externaltools.gnu-tools-for-stm32.7-2018-q2-update.linux64_1.4.0.202007081208/tools/bin/../lib/gcc/arm-none-eabi/7.3.1/../../../../arm-none-eabi/lib/thumb/v7e-m/fpv4-sp/hard/libc_nano.a
LOAD /home/carrie/Program/st-stm32cubeide_1.4.0_7511_20200720_0928_amd64.sh.root/plugins/com.st.stm32cube.ide.mcu.externaltools.gnu-tools-for-stm32.7-2018-q2-update.linux64_1.4.0.202007081208/tools/bin/../lib/gcc/arm-none-eabi/7.3.1/../../../../arm-none-eabi/lib/thumb/v7e-m/fpv4-sp/hard/libm.a
END GROUP
START GROUP
LOAD /home/carrie/Program/st-stm32cubeide_1.4.0_7511_20200720_0928_amd64.sh.root/plugins/com.st.stm32cube.ide.mcu.externaltools.gnu-tools-for-stm32.7-2018-q2-update.linux64_1.4.0.202007081208/tools/bin/../lib/gcc/arm-none-eabi/7.3.1/thumb/v7e-m/fpv4-sp/hard/libgcc.a
LOAD /home/carrie/Program/st-stm32cubeide_1.4.0_7511_20200720_0928_amd64.sh.root/plugins/com.st.stm32cube.ide.mcu.externaltools.gnu-tools-for-stm32.7-2018-q2-update.linux64_1.4.0.202007081208/tools/bin/../lib/gcc/arm-none-eabi/7.3.1/../../../../arm-none-eabi/lib/thumb/v7e-m/fpv4-sp/hard/libc_nano.a
END GROUP
START GROUP
LOAD /home/carrie/Program/st-stm32cubeide_1.4.0_7511_20200720_0928_amd64.sh.root/plugins/com.st.stm32cube.ide.mcu.externaltools.gnu-tools-for-stm32.7-2018-q2-update.linux64_1.4.0.202007081208/tools/bin/../lib/gcc/arm-none-eabi/7.3.1/thumb/v7e-m/fpv4-sp/hard/libgcc.a
LOAD /home/carrie/Program/st-stm32cubeide_1.4.0_7511_20200720_0928_amd64.sh.root/plugins/com.st.stm32cube.ide.mcu.externaltools.gnu-tools-for-stm32.7-2018-q2-update.linux64_1.4.0.202007081208/tools/bin/../lib/gcc/arm-none-eabi/7.3.1/../../../../arm-none-eabi/lib/thumb/v7e-m/fpv4-sp/hard/libc_nano.a
LOAD /home/carrie/Program/st-stm32cubeide_1.4.0_7511_20200720_0928_amd64.sh.root/plugins/com.st.stm32cube.ide.mcu.externaltools.gnu-tools-for-stm32.7-2018-q2-update.linux64_1.4.0.202007081208/tools/bin/../lib/gcc/arm-none-eabi/7.3.1/../../../../arm-none-eabi/lib/thumb/v7e-m/fpv4-sp/hard/libnosys.a
END GROUP
START GROUP
LOAD /home/carrie/Program/st-stm32cubeide_1.4.0_7511_20200720_0928_amd64.sh.root/plugins/com.st.stm32cube.ide.mcu.externaltools.gnu-tools-for-stm32.7-2018-q2-update.linux64_1.4.0.202007081208/tools/bin/../lib/gcc/arm-none-eabi/7.3.1/thumb/v7e-m/fpv4-sp/hard/libgcc.a
LOAD /home/carrie/Program/st-stm32cubeide_1.4.0_7511_20200720_0928_amd64.sh.root/plugins/com.st.stm32cube.ide.mcu.externaltools.gnu-tools-for-stm32.7-2018-q2-update.linux64_1.4.0.202007081208/tools/bin/../lib/gcc/arm-none-eabi/7.3.1/../../../../arm-none-eabi/lib/thumb/v7e-m/fpv4-sp/hard/libc_nano.a
LOAD /home/carrie/Program/st-stm32cubeide_1.4.0_7511_20200720_0928_amd64.sh.root/plugins/com.st.stm32cube.ide.mcu.externaltools.gnu-tools-for-stm32.7-2018-q2-update.linux64_1.4.0.202007081208/tools/bin/../lib/gcc/arm-none-eabi/7.3.1/../../../../arm-none-eabi/lib/thumb/v7e-m/fpv4-sp/hard/libnosys.a
END GROUP
LOAD /home/carrie/Program/st-stm32cubeide_1.4.0_7511_20200720_0928_amd64.sh.root/plugins/com.st.stm32cube.ide.mcu.externaltools.gnu-tools-for-stm32.7-2018-q2-update.linux64_1.4.0.202007081208/tools/bin/../lib/gcc/arm-none-eabi/7.3.1/thumb/v7e-m/fpv4-sp/hard/crtend.o
LOAD /home/carrie/Program/st-stm32cubeide_1.4.0_7511_20200720_0928_amd64.sh.root/plugins/com.st.stm32cube.ide.mcu.externaltools.gnu-tools-for-stm32.7-2018-q2-update.linux64_1.4.0.202007081208/tools/bin/../lib/gcc/arm-none-eabi/7.3.1/thumb/v7e-m/fpv4-sp/hard/crtn.o
                0x0000000020018000                _estack = 0x20018000
                0x0000000000000200                _Min_Heap_Size = 0x200
                0x0000000000000400                _Min_Stack_Size = 0x400

.isr_vector     0x0000000008000000      0x188
                0x0000000008000000                . = ALIGN (0x8)
 *(.isr_vector)
 .isr_vector    0x0000000008000000      0x188 startup/startup_stm32l476xx.o
                0x0000000008000000                g_pfnVectors
                0x0000000008000188                . = ALIGN (0x8)

.text           0x0000000008000190     0x83b8
                0x0000000008000190                . = ALIGN (0x8)
 *(.text)
 .text          0x0000000008000190       0x40 /home/carrie/Program/st-stm32cubeide_1.4.0_7511_20200720_0928_amd64.sh.root/plugins/com.st.stm32cube.ide.mcu.externaltools.gnu-tools-for-stm32.7-2018-q2-update.linux64_1.4.0.202007081208/tools/bin/../lib/gcc/arm-none-eabi/7.3.1/thumb/v7e-m/fpv4-sp/hard/crtbegin.o
 .text          0x00000000080001d0       0x10 /home/carrie/Program/st-stm32cubeide_1.4.0_7511_20200720_0928_amd64.sh.root/plugins/com.st.stm32cube.ide.mcu.externaltools.gnu-tools-for-stm32.7-2018-q2-update.linux64_1.4.0.202007081208/tools/bin/../lib/gcc/arm-none-eabi/7.3.1/../../../../arm-none-eabi/lib/thumb/v7e-m/fpv4-sp/hard/libc_nano.a(lib_a-strlen.o)
                0x00000000080001d0                strlen
 .text          0x00000000080001e0       0xa0 /home/carrie/Program/st-stm32cubeide_1.4.0_7511_20200720_0928_amd64.sh.root/plugins/com.st.stm32cube.ide.mcu.externaltools.gnu-tools-for-stm32.7-2018-q2-update.linux64_1.4.0.202007081208/tools/bin/../lib/gcc/arm-none-eabi/7.3.1/../../../../arm-none-eabi/lib/thumb/v7e-m/fpv4-sp/hard/libc_nano.a(lib_a-memchr.o)
                0x00000000080001e0                memchr
 .text          0x0000000008000280      0x378 /home/carrie/Program/st-stm32cubeide_1.4.0_7511_20200720_0928_amd64.sh.root/plugins/com.st.stm32cube.ide.mcu.externaltools.gnu-tools-for-stm32.7-2018-q2-update.linux64_1.4.0.202007081208/tools/bin/../lib/gcc/arm-none-eabi/7.3.1/thumb/v7e-m/fpv4-sp/hard/libgcc.a(_arm_addsubdf3.o)
                0x0000000008000280                __aeabi_drsub
                0x0000000008000288                __aeabi_dsub
                0x0000000008000288                __subdf3
                0x000000000800028c                __adddf3
                0x000000000800028c                __aeabi_dadd
                0x0000000008000504                __aeabi_ui2d
                0x0000000008000504                __floatunsidf
                0x0000000008000524                __floatsidf
                0x0000000008000524                __aeabi_i2d
                0x0000000008000548                __extendsfdf2
                0x0000000008000548                __aeabi_f2d
                0x000000000800058c                __aeabi_ul2d
                0x000000000800058c                __floatundidf
                0x000000000800059c                __floatdidf
                0x000000000800059c                __aeabi_l2d
 .text          0x00000000080005f8      0x424 /home/carrie/Program/st-stm32cubeide_1.4.0_7511_20200720_0928_amd64.sh.root/plugins/com.st.stm32cube.ide.mcu.externaltools.gnu-tools-for-stm32.7-2018-q2-update.linux64_1.4.0.202007081208/tools/bin/../lib/gcc/arm-none-eabi/7.3.1/thumb/v7e-m/fpv4-sp/hard/libgcc.a(_arm_muldivdf3.o)
                0x00000000080005f8                __aeabi_dmul
                0x00000000080005f8                __muldf3
                0x000000000800084c                __aeabi_ddiv
                0x000000000800084c                __divdf3
 .text          0x0000000008000a1c      0x110 /home/carrie/Program/st-stm32cubeide_1.4.0_7511_20200720_0928_amd64.sh.root/plugins/com.st.stm32cube.ide.mcu.externaltools.gnu-tools-for-stm32.7-2018-q2-update.linux64_1.4.0.202007081208/tools/bin/../lib/gcc/arm-none-eabi/7.3.1/thumb/v7e-m/fpv4-sp/hard/libgcc.a(_arm_cmpdf2.o)
                0x0000000008000a1c                __gtdf2
                0x0000000008000a1c                __gedf2
                0x0000000008000a24                __ltdf2
                0x0000000008000a24                __ledf2
                0x0000000008000a2c                __cmpdf2
                0x0000000008000a2c                __eqdf2
                0x0000000008000a2c                __nedf2
                0x0000000008000aa8                __aeabi_cdrcmple
                0x0000000008000ab8                __aeabi_cdcmple
                0x0000000008000ab8                __aeabi_cdcmpeq
                0x0000000008000ac8                __aeabi_dcmpeq
                0x0000000008000adc                __aeabi_dcmplt
                0x0000000008000af0                __aeabi_dcmple
                0x0000000008000b04                __aeabi_dcmpge
                0x0000000008000b18                __aeabi_dcmpgt
 .text          0x0000000008000b2c       0x2c /home/carrie/Program/st-stm32cubeide_1.4.0_7511_20200720_0928_amd64.sh.root/plugins/com.st.stm32cube.ide.mcu.externaltools.gnu-tools-for-stm32.7-2018-q2-update.linux64_1.4.0.202007081208/tools/bin/../lib/gcc/arm-none-eabi/7.3.1/thumb/v7e-m/fpv4-sp/hard/libgcc.a(_arm_unorddf2.o)
                0x0000000008000b2c                __aeabi_dcmpun
                0x0000000008000b2c                __unorddf2
 .text          0x0000000008000b58       0x50 /home/carrie/Program/st-stm32cubeide_1.4.0_7511_20200720_0928_amd64.sh.root/plugins/com.st.stm32cube.ide.mcu.externaltools.gnu-tools-for-stm32.7-2018-q2-update.linux64_1.4.0.202007081208/tools/bin/../lib/gcc/arm-none-eabi/7.3.1/thumb/v7e-m/fpv4-sp/hard/libgcc.a(_arm_fixdfsi.o)
                0x0000000008000b58                __fixdfsi
                0x0000000008000b58                __aeabi_d2iz
 .text          0x0000000008000ba8       0x40 /home/carrie/Program/st-stm32cubeide_1.4.0_7511_20200720_0928_amd64.sh.root/plugins/com.st.stm32cube.ide.mcu.externaltools.gnu-tools-for-stm32.7-2018-q2-update.linux64_1.4.0.202007081208/tools/bin/../lib/gcc/arm-none-eabi/7.3.1/thumb/v7e-m/fpv4-sp/hard/libgcc.a(_arm_fixunsdfsi.o)
                0x0000000008000ba8                __fixunsdfsi
                0x0000000008000ba8                __aeabi_d2uiz
 .text          0x0000000008000be8       0xa0 /home/carrie/Program/st-stm32cubeide_1.4.0_7511_20200720_0928_amd64.sh.root/plugins/com.st.stm32cube.ide.mcu.externaltools.gnu-tools-for-stm32.7-2018-q2-update.linux64_1.4.0.202007081208/tools/bin/../lib/gcc/arm-none-eabi/7.3.1/thumb/v7e-m/fpv4-sp/hard/libgcc.a(_arm_truncdfsf2.o)
                0x0000000008000be8                __aeabi_d2f
                0x0000000008000be8                __truncdfsf2
 .text          0x0000000008000c88       0x30 /home/carrie/Program/st-stm32cubeide_1.4.0_7511_20200720_0928_amd64.sh.root/plugins/com.st.stm32cube.ide.mcu.externaltools.gnu-tools-for-stm32.7-2018-q2-update.linux64_1.4.0.202007081208/tools/bin/../lib/gcc/arm-none-eabi/7.3.1/thumb/v7e-m/fpv4-sp/hard/libgcc.a(_aeabi_uldivmod.o)
                0x0000000008000c88                __aeabi_uldivmod
 .text          0x0000000008000cb8      0x2cc /home/carrie/Program/st-stm32cubeide_1.4.0_7511_20200720_0928_amd64.sh.root/plugins/com.st.stm32cube.ide.mcu.externaltools.gnu-tools-for-stm32.7-2018-q2-update.linux64_1.4.0.202007081208/tools/bin/../lib/gcc/arm-none-eabi/7.3.1/thumb/v7e-m/fpv4-sp/hard/libgcc.a(_udivmoddi4.o)
                0x0000000008000cb8                __udivmoddi4
 .text          0x0000000008000f84        0x4 /home/carrie/Program/st-stm32cubeide_1.4.0_7511_20200720_0928_amd64.sh.root/plugins/com.st.stm32cube.ide.mcu.externaltools.gnu-tools-for-stm32.7-2018-q2-update.linux64_1.4.0.202007081208/tools/bin/../lib/gcc/arm-none-eabi/7.3.1/thumb/v7e-m/fpv4-sp/hard/libgcc.a(_dvmd_tls.o)
                0x0000000008000f84                __aeabi_ldiv0
                0x0000000008000f84                __aeabi_idiv0
 *(.text*)
 .text.ssd1306_DegToRad
                0x0000000008000f88       0x34 Core/Inc/SSD1306/ssd1306.o
 .text.ssd1306_NormalizeTo0_360
                0x0000000008000fbc       0x10 Core/Inc/SSD1306/ssd1306.o
 .text.ssd1306_WriteCommand
                0x0000000008000fcc       0x2c Core/Inc/SSD1306/ssd1306.o
                0x0000000008000fcc                ssd1306_WriteCommand
 .text.ssd1306_WriteData
                0x0000000008000ff8       0x28 Core/Inc/SSD1306/ssd1306.o
                0x0000000008000ff8                ssd1306_WriteData
 .text.ssd1306_Fill
                0x0000000008001020       0x20 Core/Inc/SSD1306/ssd1306.o
                0x0000000008001020                ssd1306_Fill
 .text.ssd1306_UpdateScreen
                0x0000000008001040       0x38 Core/Inc/SSD1306/ssd1306.o
                0x0000000008001040                ssd1306_UpdateScreen
 .text.ssd1306_DrawPixel
                0x0000000008001078       0x54 Core/Inc/SSD1306/ssd1306.o
                0x0000000008001078                ssd1306_DrawPixel
 .text.ssd1306_WriteChar
                0x00000000080010cc       0xc4 Core/Inc/SSD1306/ssd1306.o
                0x00000000080010cc                ssd1306_WriteChar
 .text.ssd1306_WriteString
                0x0000000008001190       0x30 Core/Inc/SSD1306/ssd1306.o
                0x0000000008001190                ssd1306_WriteString
 .text.ssd1306_SetCursor
                0x00000000080011c0       0x10 Core/Inc/SSD1306/ssd1306.o
                0x00000000080011c0                ssd1306_SetCursor
 .text.ssd1306_Line
                0x00000000080011d0       0x8c Core/Inc/SSD1306/ssd1306.o
                0x00000000080011d0                ssd1306_Line
 .text.ssd1306_DrawArc
                0x000000000800125c      0x168 Core/Inc/SSD1306/ssd1306.o
                0x000000000800125c                ssd1306_DrawArc
 .text.ssd1306_DrawCircle
                0x00000000080013c4       0xb0 Core/Inc/SSD1306/ssd1306.o
                0x00000000080013c4                ssd1306_DrawCircle
 .text.BB_Init  0x0000000008001474       0x10 Core/Src/BB.o
                0x0000000008001474                BB_Init
 .text.readControlWord
                0x0000000008001484       0x68 Core/Src/BB.o
                0x0000000008001484                readControlWord
 .text.BB_deviceType
                0x00000000080014ec        0xc Core/Src/BB.o
                0x00000000080014ec                BB_deviceType
 .text.BB_begin
                0x00000000080014f8       0x16 Core/Src/BB.o
                0x00000000080014f8                BB_begin
 .text.readWord
                0x000000000800150e       0x36 Core/Src/BB.o
                0x000000000800150e                readWord
 .text.BB_soc   0x0000000008001544       0x20 Core/Src/BB.o
                0x0000000008001544                BB_soc
 *fill*         0x0000000008001564        0x4 
 .text.convertDegMinToDecDeg
                0x0000000008001568       0x70 Core/Src/GPS.o
                0x0000000008001568                convertDegMinToDecDeg
 .text.GPS_Parse
                0x00000000080015d8      0x31c Core/Src/GPS.o
                0x00000000080015d8                GPS_Parse
 .text.readReg  0x00000000080018f4       0x48 Core/Src/LoRa.o
                0x00000000080018f4                readReg
 .text.writeReg
                0x000000000800193c       0x48 Core/Src/LoRa.o
                0x000000000800193c                writeReg
 .text.LoRa_Init
                0x0000000008001984       0xc0 Core/Src/LoRa.o
                0x0000000008001984                LoRa_Init
 .text.loraStandbyMode
                0x0000000008001a44       0x1a Core/Src/LoRa.o
                0x0000000008001a44                loraStandbyMode
 .text.loraTransmitCopy
                0x0000000008001a5e       0x68 Core/Src/LoRa.o
                0x0000000008001a5e                loraTransmitCopy
 .text.loraReceiveModeInit
                0x0000000008001ac6       0x18 Core/Src/LoRa.o
                0x0000000008001ac6                loraReceiveModeInit
 *fill*         0x0000000008001ade        0x2 
 .text.loraReadFIFO
                0x0000000008001ae0       0x2c Core/Src/LoRa.o
                0x0000000008001ae0                loraReadFIFO
 .text.loraReceiveGPSData
                0x0000000008001b0c       0x3e Core/Src/LoRa.o
                0x0000000008001b0c                loraReceiveGPSData
 *fill*         0x0000000008001b4a        0x2 
 .text.BNO055_Init_I2C
                0x0000000008001b4c      0x184 Core/Src/imu.o
                0x0000000008001b4c                BNO055_Init_I2C
 .text.SPI1_Init
                0x0000000008001cd0       0x48 Core/Src/main.o
 .text.MX_GPIO_Init
                0x0000000008001d18      0x138 Core/Src/main.o
 .text.MX_I2C1_Init
                0x0000000008001e50       0x44 Core/Src/main.o
 .text.MX_I2C2_Init
                0x0000000008001e94       0x44 Core/Src/main.o
 .text.MX_I2C3_Init
                0x0000000008001ed8       0x44 Core/Src/main.o
 .text.USART2_IRQHandler
                0x0000000008001f1c       0x80 Core/Src/main.o
                0x0000000008001f1c                USART2_IRQHandler
 .text.sessionStart
                0x0000000008001f9c       0xa8 Core/Src/main.o
                0x0000000008001f9c                sessionStart
 .text.zeroStats
                0x0000000008002044       0xf0 Core/Src/main.o
                0x0000000008002044                zeroStats
 .text.HAL_GPIO_EXTI_Callback
                0x0000000008002134       0xc4 Core/Src/main.o
                0x0000000008002134                HAL_GPIO_EXTI_Callback
 .text.SystemClock_Config
                0x00000000080021f8       0x80 Core/Src/main.o
                0x00000000080021f8                SystemClock_Config
 .text.main     0x0000000008002278       0x60 Core/Src/main.o
                0x0000000008002278                main
 .text.Error_Handler
                0x00000000080022d8        0x2 Core/Src/main.o
                0x00000000080022d8                Error_Handler
 *fill*         0x00000000080022da        0x2 
 .text.HAL_MspInit
                0x00000000080022dc       0x30 Core/Src/stm32l4xx_hal_msp.o
                0x00000000080022dc                HAL_MspInit
 .text.HAL_I2C_MspInit
                0x000000000800230c      0x10c Core/Src/stm32l4xx_hal_msp.o
                0x000000000800230c                HAL_I2C_MspInit
 .text.NMI_Handler
                0x0000000008002418        0x2 Core/Src/stm32l4xx_it.o
                0x0000000008002418                NMI_Handler
 .text.HardFault_Handler
                0x000000000800241a        0x2 Core/Src/stm32l4xx_it.o
                0x000000000800241a                HardFault_Handler
 .text.MemManage_Handler
                0x000000000800241c        0x2 Core/Src/stm32l4xx_it.o
                0x000000000800241c                MemManage_Handler
 .text.BusFault_Handler
                0x000000000800241e        0x2 Core/Src/stm32l4xx_it.o
                0x000000000800241e                BusFault_Handler
 .text.UsageFault_Handler
                0x0000000008002420        0x2 Core/Src/stm32l4xx_it.o
                0x0000000008002420                UsageFault_Handler
 .text.SVC_Handler
                0x0000000008002422        0x2 Core/Src/stm32l4xx_it.o
                0x0000000008002422                SVC_Handler
 .text.DebugMon_Handler
                0x0000000008002424        0x2 Core/Src/stm32l4xx_it.o
                0x0000000008002424                DebugMon_Handler
 .text.PendSV_Handler
                0x0000000008002426        0x2 Core/Src/stm32l4xx_it.o
                0x0000000008002426                PendSV_Handler
 .text.SysTick_Handler
                0x0000000008002428        0x8 Core/Src/stm32l4xx_it.o
                0x0000000008002428                SysTick_Handler
 .text.EXTI1_IRQHandler
                0x0000000008002430        0xa Core/Src/stm32l4xx_it.o
                0x0000000008002430                EXTI1_IRQHandler
 .text.EXTI15_10_IRQHandler
                0x000000000800243a        0xc Core/Src/stm32l4xx_it.o
                0x000000000800243a                EXTI15_10_IRQHandler
 .text.EXTI3_IRQHandler
                0x0000000008002446        0xa Core/Src/stm32l4xx_it.o
                0x0000000008002446                EXTI3_IRQHandler
 .text._sbrk    0x0000000008002450       0x3c Core/Src/syscalls.o
                0x0000000008002450                _sbrk
 .text.SystemInit
                0x000000000800248c       0x48 Core/Src/system_stm32l4xx.o
                0x000000000800248c                SystemInit
 .text.MX_GPIO_Init_USART
                0x00000000080024d4       0x54 Core/Src/usart.o
                0x00000000080024d4                MX_GPIO_Init_USART
 .text.MX_USART2_UART_Init
                0x0000000008002528       0x48 Core/Src/usart.o
                0x0000000008002528                MX_USART2_UART_Init
 .text.HAL_UART_MspInit
                0x0000000008002570       0x8c Core/Src/usart.o
                0x0000000008002570                HAL_UART_MspInit
 .text.HAL_InitTick
                0x00000000080025fc       0x4c Drivers/STM32L4xx_HAL_Driver/Src/stm32l4xx_hal.o
                0x00000000080025fc                HAL_InitTick
 .text.HAL_Init
                0x0000000008002648       0x1e Drivers/STM32L4xx_HAL_Driver/Src/stm32l4xx_hal.o
                0x0000000008002648                HAL_Init
 *fill*         0x0000000008002666        0x2 
 .text.HAL_IncTick
                0x0000000008002668       0x18 Drivers/STM32L4xx_HAL_Driver/Src/stm32l4xx_hal.o
                0x0000000008002668                HAL_IncTick
 .text.HAL_GetTick
                0x0000000008002680        0xc Drivers/STM32L4xx_HAL_Driver/Src/stm32l4xx_hal.o
                0x0000000008002680                HAL_GetTick
 .text.HAL_Delay
                0x000000000800268c       0x28 Drivers/STM32L4xx_HAL_Driver/Src/stm32l4xx_hal.o
                0x000000000800268c                HAL_Delay
 .text.HAL_NVIC_SetPriorityGrouping
                0x00000000080026b4       0x24 Drivers/STM32L4xx_HAL_Driver/Src/stm32l4xx_hal_cortex.o
                0x00000000080026b4                HAL_NVIC_SetPriorityGrouping
 .text.HAL_NVIC_SetPriority
                0x00000000080026d8       0x68 Drivers/STM32L4xx_HAL_Driver/Src/stm32l4xx_hal_cortex.o
                0x00000000080026d8                HAL_NVIC_SetPriority
 .text.HAL_NVIC_EnableIRQ
                0x0000000008002740       0x1c Drivers/STM32L4xx_HAL_Driver/Src/stm32l4xx_hal_cortex.o
                0x0000000008002740                HAL_NVIC_EnableIRQ
 .text.HAL_SYSTICK_Config
                0x000000000800275c       0x2c Drivers/STM32L4xx_HAL_Driver/Src/stm32l4xx_hal_cortex.o
                0x000000000800275c                HAL_SYSTICK_Config
 .text.HAL_GPIO_Init
                0x0000000008002788      0x1c8 Drivers/STM32L4xx_HAL_Driver/Src/stm32l4xx_hal_gpio.o
                0x0000000008002788                HAL_GPIO_Init
 .text.HAL_GPIO_ReadPin
                0x0000000008002950        0xe Drivers/STM32L4xx_HAL_Driver/Src/stm32l4xx_hal_gpio.o
                0x0000000008002950                HAL_GPIO_ReadPin
 .text.HAL_GPIO_WritePin
                0x000000000800295e        0xa Drivers/STM32L4xx_HAL_Driver/Src/stm32l4xx_hal_gpio.o
                0x000000000800295e                HAL_GPIO_WritePin
 .text.HAL_GPIO_EXTI_IRQHandler
                0x0000000008002968       0x1c Drivers/STM32L4xx_HAL_Driver/Src/stm32l4xx_hal_gpio.o
                0x0000000008002968                HAL_GPIO_EXTI_IRQHandler
 .text.I2C_Flush_TXDR
                0x0000000008002984       0x22 Drivers/STM32L4xx_HAL_Driver/Src/stm32l4xx_hal_i2c.o
 .text.I2C_TransferConfig
                0x00000000080029a6       0x36 Drivers/STM32L4xx_HAL_Driver/Src/stm32l4xx_hal_i2c.o
 .text.I2C_IsAcknowledgeFailed
                0x00000000080029dc       0x90 Drivers/STM32L4xx_HAL_Driver/Src/stm32l4xx_hal_i2c.o
 .text.I2C_WaitOnTXISFlagUntilTimeout
                0x0000000008002a6c       0x56 Drivers/STM32L4xx_HAL_Driver/Src/stm32l4xx_hal_i2c.o
 .text.I2C_WaitOnFlagUntilTimeout
                0x0000000008002ac2       0x52 Drivers/STM32L4xx_HAL_Driver/Src/stm32l4xx_hal_i2c.o
 .text.I2C_RequestMemoryWrite
                0x0000000008002b14       0x70 Drivers/STM32L4xx_HAL_Driver/Src/stm32l4xx_hal_i2c.o
 .text.I2C_RequestMemoryRead
                0x0000000008002b84       0x70 Drivers/STM32L4xx_HAL_Driver/Src/stm32l4xx_hal_i2c.o
 .text.I2C_WaitOnSTOPFlagUntilTimeout
                0x0000000008002bf4       0x50 Drivers/STM32L4xx_HAL_Driver/Src/stm32l4xx_hal_i2c.o
 .text.HAL_I2C_Init
                0x0000000008002c44       0xbc Drivers/STM32L4xx_HAL_Driver/Src/stm32l4xx_hal_i2c.o
                0x0000000008002c44                HAL_I2C_Init
 .text.HAL_I2C_Master_Transmit
                0x0000000008002d00      0x17c Drivers/STM32L4xx_HAL_Driver/Src/stm32l4xx_hal_i2c.o
                0x0000000008002d00                HAL_I2C_Master_Transmit
 .text.HAL_I2C_Mem_Write
                0x0000000008002e7c      0x1a4 Drivers/STM32L4xx_HAL_Driver/Src/stm32l4xx_hal_i2c.o
                0x0000000008002e7c                HAL_I2C_Mem_Write
 .text.HAL_I2C_Mem_Read
                0x0000000008003020      0x1ac Drivers/STM32L4xx_HAL_Driver/Src/stm32l4xx_hal_i2c.o
                0x0000000008003020                HAL_I2C_Mem_Read
 .text.HAL_I2CEx_ConfigAnalogFilter
                0x00000000080031cc       0x5c Drivers/STM32L4xx_HAL_Driver/Src/stm32l4xx_hal_i2c_ex.o
                0x00000000080031cc                HAL_I2CEx_ConfigAnalogFilter
 .text.HAL_I2CEx_ConfigDigitalFilter
                0x0000000008003228       0x58 Drivers/STM32L4xx_HAL_Driver/Src/stm32l4xx_hal_i2c_ex.o
                0x0000000008003228                HAL_I2CEx_ConfigDigitalFilter
 .text.HAL_PWREx_GetVoltageRange
                0x0000000008003280       0x10 Drivers/STM32L4xx_HAL_Driver/Src/stm32l4xx_hal_pwr_ex.o
                0x0000000008003280                HAL_PWREx_GetVoltageRange
 .text.HAL_PWREx_ControlVoltageScaling
                0x0000000008003290       0x90 Drivers/STM32L4xx_HAL_Driver/Src/stm32l4xx_hal_pwr_ex.o
                0x0000000008003290                HAL_PWREx_ControlVoltageScaling
 .text.RCC_SetFlashLatencyFromMSIRange
                0x0000000008003320       0x90 Drivers/STM32L4xx_HAL_Driver/Src/stm32l4xx_hal_rcc.o
 .text.HAL_RCC_GetSysClockFreq
                0x00000000080033b0       0xb4 Drivers/STM32L4xx_HAL_Driver/Src/stm32l4xx_hal_rcc.o
                0x00000000080033b0                HAL_RCC_GetSysClockFreq
 .text.HAL_RCC_OscConfig
                0x0000000008003464      0x638 Drivers/STM32L4xx_HAL_Driver/Src/stm32l4xx_hal_rcc.o
                0x0000000008003464                HAL_RCC_OscConfig
 .text.HAL_RCC_ClockConfig
                0x0000000008003a9c      0x158 Drivers/STM32L4xx_HAL_Driver/Src/stm32l4xx_hal_rcc.o
                0x0000000008003a9c                HAL_RCC_ClockConfig
 .text.HAL_RCC_GetHCLKFreq
                0x0000000008003bf4        0xc Drivers/STM32L4xx_HAL_Driver/Src/stm32l4xx_hal_rcc.o
                0x0000000008003bf4                HAL_RCC_GetHCLKFreq
 .text.HAL_RCC_GetPCLK1Freq
                0x0000000008003c00       0x24 Drivers/STM32L4xx_HAL_Driver/Src/stm32l4xx_hal_rcc.o
                0x0000000008003c00                HAL_RCC_GetPCLK1Freq
 .text.HAL_RCC_GetPCLK2Freq
                0x0000000008003c24       0x24 Drivers/STM32L4xx_HAL_Driver/Src/stm32l4xx_hal_rcc.o
                0x0000000008003c24                HAL_RCC_GetPCLK2Freq
 .text.RCCEx_PLLSAI1_Config
                0x0000000008003c48      0x170 Drivers/STM32L4xx_HAL_Driver/Src/stm32l4xx_hal_rcc_ex.o
 .text.RCCEx_PLLSAI2_Config
                0x0000000008003db8      0x14c Drivers/STM32L4xx_HAL_Driver/Src/stm32l4xx_hal_rcc_ex.o
 .text.HAL_RCCEx_PeriphCLKConfig
                0x0000000008003f04      0x450 Drivers/STM32L4xx_HAL_Driver/Src/stm32l4xx_hal_rcc_ex.o
                0x0000000008003f04                HAL_RCCEx_PeriphCLKConfig
 .text.UART_SetConfig
                0x0000000008004354      0x324 Drivers/STM32L4xx_HAL_Driver/Src/stm32l4xx_hal_uart.o
                0x0000000008004354                UART_SetConfig
 .text.UART_AdvFeatureConfig
                0x0000000008004678       0xca Drivers/STM32L4xx_HAL_Driver/Src/stm32l4xx_hal_uart.o
                0x0000000008004678                UART_AdvFeatureConfig
 .text.UART_WaitOnFlagUntilTimeout
                0x0000000008004742       0x9c Drivers/STM32L4xx_HAL_Driver/Src/stm32l4xx_hal_uart.o
                0x0000000008004742                UART_WaitOnFlagUntilTimeout
 .text.UART_CheckIdleState
                0x00000000080047de       0x6c Drivers/STM32L4xx_HAL_Driver/Src/stm32l4xx_hal_uart.o
                0x00000000080047de                UART_CheckIdleState
 .text.HAL_UART_Init
                0x000000000800484a       0x62 Drivers/STM32L4xx_HAL_Driver/Src/stm32l4xx_hal_uart.o
                0x000000000800484a                HAL_UART_Init
 .text.Reset_Handler
                0x00000000080048ac       0x50 startup/startup_stm32l476xx.o
                0x00000000080048ac                Reset_Handler
 .text.Default_Handler
                0x00000000080048fc        0x2 startup/startup_stm32l476xx.o
                0x00000000080048fc                RTC_Alarm_IRQHandler
                0x00000000080048fc                EXTI2_IRQHandler
                0x00000000080048fc                TIM8_TRG_COM_IRQHandler
                0x00000000080048fc                TIM8_CC_IRQHandler
                0x00000000080048fc                TIM1_CC_IRQHandler
                0x00000000080048fc                TSC_IRQHandler
                0x00000000080048fc                TAMP_STAMP_IRQHandler
                0x00000000080048fc                LPTIM2_IRQHandler
                0x00000000080048fc                DFSDM1_FLT1_IRQHandler
                0x00000000080048fc                I2C3_ER_IRQHandler
                0x00000000080048fc                DFSDM1_FLT2_IRQHandler
                0x00000000080048fc                EXTI0_IRQHandler
                0x00000000080048fc                I2C2_EV_IRQHandler
                0x00000000080048fc                CAN1_RX0_IRQHandler
                0x00000000080048fc                FPU_IRQHandler
                0x00000000080048fc                TIM1_UP_TIM16_IRQHandler
                0x00000000080048fc                ADC1_2_IRQHandler
                0x00000000080048fc                SPI1_IRQHandler
                0x00000000080048fc                TIM6_DAC_IRQHandler
                0x00000000080048fc                TIM8_UP_IRQHandler
                0x00000000080048fc                DMA2_Channel2_IRQHandler
                0x00000000080048fc                DMA1_Channel4_IRQHandler
                0x00000000080048fc                SAI2_IRQHandler
                0x00000000080048fc                DFSDM1_FLT3_IRQHandler
                0x00000000080048fc                USART3_IRQHandler
                0x00000000080048fc                DMA1_Channel7_IRQHandler
                0x00000000080048fc                CAN1_RX1_IRQHandler
                0x00000000080048fc                LCD_IRQHandler
                0x00000000080048fc                UART5_IRQHandler
                0x00000000080048fc                ADC3_IRQHandler
                0x00000000080048fc                TIM4_IRQHandler
                0x00000000080048fc                DMA2_Channel1_IRQHandler
                0x00000000080048fc                QUADSPI_IRQHandler
                0x00000000080048fc                I2C1_EV_IRQHandler
                0x00000000080048fc                DMA1_Channel6_IRQHandler
                0x00000000080048fc                UART4_IRQHandler
                0x00000000080048fc                DMA2_Channel4_IRQHandler
                0x00000000080048fc                TIM3_IRQHandler
                0x00000000080048fc                RCC_IRQHandler
                0x00000000080048fc                DMA1_Channel1_IRQHandler
                0x00000000080048fc                Default_Handler
                0x00000000080048fc                DMA2_Channel7_IRQHandler
                0x00000000080048fc                TIM7_IRQHandler
                0x00000000080048fc                SDMMC1_IRQHandler
                0x00000000080048fc                TIM5_IRQHandler
                0x00000000080048fc                I2C3_EV_IRQHandler
                0x00000000080048fc                EXTI9_5_IRQHandler
                0x00000000080048fc                RTC_WKUP_IRQHandler
                0x00000000080048fc                PVD_PVM_IRQHandler
                0x00000000080048fc                SPI2_IRQHandler
                0x00000000080048fc                CAN1_TX_IRQHandler
                0x00000000080048fc                DMA2_Channel5_IRQHandler
                0x00000000080048fc                DMA1_Channel5_IRQHandler
                0x00000000080048fc                EXTI4_IRQHandler
                0x00000000080048fc                RNG_IRQHandler
                0x00000000080048fc                TIM1_TRG_COM_TIM17_IRQHandler
                0x00000000080048fc                DMA1_Channel3_IRQHandler
                0x00000000080048fc                COMP_IRQHandler
                0x00000000080048fc                WWDG_IRQHandler
                0x00000000080048fc                LPUART1_IRQHandler
                0x00000000080048fc                DMA2_Channel6_IRQHandler
                0x00000000080048fc                TIM2_IRQHandler
                0x00000000080048fc                DFSDM1_FLT0_IRQHandler
                0x00000000080048fc                I2C2_ER_IRQHandler
                0x00000000080048fc                DMA1_Channel2_IRQHandler
                0x00000000080048fc                TIM8_BRK_IRQHandler
                0x00000000080048fc                CAN1_SCE_IRQHandler
                0x00000000080048fc                FLASH_IRQHandler
                0x00000000080048fc                USART1_IRQHandler
                0x00000000080048fc                OTG_FS_IRQHandler
                0x00000000080048fc                SPI3_IRQHandler
                0x00000000080048fc                I2C1_ER_IRQHandler
                0x00000000080048fc                FMC_IRQHandler
                0x00000000080048fc                SWPMI1_IRQHandler
                0x00000000080048fc                LPTIM1_IRQHandler
                0x00000000080048fc                SAI1_IRQHandler
                0x00000000080048fc                DMA2_Channel3_IRQHandler
                0x00000000080048fc                TIM1_BRK_TIM15_IRQHandler
 *fill*         0x00000000080048fe        0x2 
 .text.__errno  0x0000000008004900        0xc /home/carrie/Program/st-stm32cubeide_1.4.0_7511_20200720_0928_amd64.sh.root/plugins/com.st.stm32cube.ide.mcu.externaltools.gnu-tools-for-stm32.7-2018-q2-update.linux64_1.4.0.202007081208/tools/bin/../lib/gcc/arm-none-eabi/7.3.1/../../../../arm-none-eabi/lib/thumb/v7e-m/fpv4-sp/hard/libc_nano.a(lib_a-errno.o)
                0x0000000008004900                __errno
 .text.__libc_init_array
                0x000000000800490c       0x48 /home/carrie/Program/st-stm32cubeide_1.4.0_7511_20200720_0928_amd64.sh.root/plugins/com.st.stm32cube.ide.mcu.externaltools.gnu-tools-for-stm32.7-2018-q2-update.linux64_1.4.0.202007081208/tools/bin/../lib/gcc/arm-none-eabi/7.3.1/../../../../arm-none-eabi/lib/thumb/v7e-m/fpv4-sp/hard/libc_nano.a(lib_a-init.o)
                0x000000000800490c                __libc_init_array
 .text.memcpy   0x0000000008004954       0x16 /home/carrie/Program/st-stm32cubeide_1.4.0_7511_20200720_0928_amd64.sh.root/plugins/com.st.stm32cube.ide.mcu.externaltools.gnu-tools-for-stm32.7-2018-q2-update.linux64_1.4.0.202007081208/tools/bin/../lib/gcc/arm-none-eabi/7.3.1/../../../../arm-none-eabi/lib/thumb/v7e-m/fpv4-sp/hard/libc_nano.a(lib_a-memcpy-stub.o)
                0x0000000008004954                memcpy
 .text.memmove  0x000000000800496a       0x32 /home/carrie/Program/st-stm32cubeide_1.4.0_7511_20200720_0928_amd64.sh.root/plugins/com.st.stm32cube.ide.mcu.externaltools.gnu-tools-for-stm32.7-2018-q2-update.linux64_1.4.0.202007081208/tools/bin/../lib/gcc/arm-none-eabi/7.3.1/../../../../arm-none-eabi/lib/thumb/v7e-m/fpv4-sp/hard/libc_nano.a(lib_a-memmove.o)
                0x000000000800496a                memmove
 .text.memset   0x000000000800499c       0x10 /home/carrie/Program/st-stm32cubeide_1.4.0_7511_20200720_0928_amd64.sh.root/plugins/com.st.stm32cube.ide.mcu.externaltools.gnu-tools-for-stm32.7-2018-q2-update.linux64_1.4.0.202007081208/tools/bin/../lib/gcc/arm-none-eabi/7.3.1/../../../../arm-none-eabi/lib/thumb/v7e-m/fpv4-sp/hard/libc_nano.a(lib_a-memset.o)
                0x000000000800499c                memset
 .text._scanf_float
                0x00000000080049ac      0x3c4 /home/carrie/Program/st-stm32cubeide_1.4.0_7511_20200720_0928_amd64.sh.root/plugins/com.st.stm32cube.ide.mcu.externaltools.gnu-tools-for-stm32.7-2018-q2-update.linux64_1.4.0.202007081208/tools/bin/../lib/gcc/arm-none-eabi/7.3.1/../../../../arm-none-eabi/lib/thumb/v7e-m/fpv4-sp/hard/libc_nano.a(lib_a-nano-vfscanf_float.o)
                0x00000000080049ac                _scanf_float
 .text.nanf     0x0000000008004d70        0xc /home/carrie/Program/st-stm32cubeide_1.4.0_7511_20200720_0928_amd64.sh.root/plugins/com.st.stm32cube.ide.mcu.externaltools.gnu-tools-for-stm32.7-2018-q2-update.linux64_1.4.0.202007081208/tools/bin/../lib/gcc/arm-none-eabi/7.3.1/../../../../arm-none-eabi/lib/thumb/v7e-m/fpv4-sp/hard/libc_nano.a(lib_a-sf_nan.o)
                0x0000000008004d70                nanf
 .text.sprintf  0x0000000008004d7c       0x40 /home/carrie/Program/st-stm32cubeide_1.4.0_7511_20200720_0928_amd64.sh.root/plugins/com.st.stm32cube.ide.mcu.externaltools.gnu-tools-for-stm32.7-2018-q2-update.linux64_1.4.0.202007081208/tools/bin/../lib/gcc/arm-none-eabi/7.3.1/../../../../arm-none-eabi/lib/thumb/v7e-m/fpv4-sp/hard/libc_nano.a(lib_a-sprintf.o)
                0x0000000008004d7c                sprintf
                0x0000000008004d7c                siprintf
 .text.unlikely.sulp
                0x0000000008004dbc       0x38 /home/carrie/Program/st-stm32cubeide_1.4.0_7511_20200720_0928_amd64.sh.root/plugins/com.st.stm32cube.ide.mcu.externaltools.gnu-tools-for-stm32.7-2018-q2-update.linux64_1.4.0.202007081208/tools/bin/../lib/gcc/arm-none-eabi/7.3.1/../../../../arm-none-eabi/lib/thumb/v7e-m/fpv4-sp/hard/libc_nano.a(lib_a-strtod.o)
 *fill*         0x0000000008004df4        0x4 
 .text._strtod_l
                0x0000000008004df8      0xbe8 /home/carrie/Program/st-stm32cubeide_1.4.0_7511_20200720_0928_amd64.sh.root/plugins/com.st.stm32cube.ide.mcu.externaltools.gnu-tools-for-stm32.7-2018-q2-update.linux64_1.4.0.202007081208/tools/bin/../lib/gcc/arm-none-eabi/7.3.1/../../../../arm-none-eabi/lib/thumb/v7e-m/fpv4-sp/hard/libc_nano.a(lib_a-strtod.o)
                0x0000000008004df8                _strtod_l
 .text._strtod_r
                0x00000000080059e0       0x20 /home/carrie/Program/st-stm32cubeide_1.4.0_7511_20200720_0928_amd64.sh.root/plugins/com.st.stm32cube.ide.mcu.externaltools.gnu-tools-for-stm32.7-2018-q2-update.linux64_1.4.0.202007081208/tools/bin/../lib/gcc/arm-none-eabi/7.3.1/../../../../arm-none-eabi/lib/thumb/v7e-m/fpv4-sp/hard/libc_nano.a(lib_a-strtod.o)
                0x00000000080059e0                _strtod_r
 .text._strtol_l.isra.0
                0x0000000008005a00       0xf6 /home/carrie/Program/st-stm32cubeide_1.4.0_7511_20200720_0928_amd64.sh.root/plugins/com.st.stm32cube.ide.mcu.externaltools.gnu-tools-for-stm32.7-2018-q2-update.linux64_1.4.0.202007081208/tools/bin/../lib/gcc/arm-none-eabi/7.3.1/../../../../arm-none-eabi/lib/thumb/v7e-m/fpv4-sp/hard/libc_nano.a(lib_a-strtol.o)
 *fill*         0x0000000008005af6        0x2 
 .text._strtol_r
                0x0000000008005af8       0x24 /home/carrie/Program/st-stm32cubeide_1.4.0_7511_20200720_0928_amd64.sh.root/plugins/com.st.stm32cube.ide.mcu.externaltools.gnu-tools-for-stm32.7-2018-q2-update.linux64_1.4.0.202007081208/tools/bin/../lib/gcc/arm-none-eabi/7.3.1/../../../../arm-none-eabi/lib/thumb/v7e-m/fpv4-sp/hard/libc_nano.a(lib_a-strtol.o)
                0x0000000008005af8                _strtol_r
 .text.rshift   0x0000000008005b1c       0x74 /home/carrie/Program/st-stm32cubeide_1.4.0_7511_20200720_0928_amd64.sh.root/plugins/com.st.stm32cube.ide.mcu.externaltools.gnu-tools-for-stm32.7-2018-q2-update.linux64_1.4.0.202007081208/tools/bin/../lib/gcc/arm-none-eabi/7.3.1/../../../../arm-none-eabi/lib/thumb/v7e-m/fpv4-sp/hard/libc_nano.a(lib_a-gdtoa-gethex.o)
 .text.__hexdig_fun
                0x0000000008005b90       0x2a /home/carrie/Program/st-stm32cubeide_1.4.0_7511_20200720_0928_amd64.sh.root/plugins/com.st.stm32cube.ide.mcu.externaltools.gnu-tools-for-stm32.7-2018-q2-update.linux64_1.4.0.202007081208/tools/bin/../lib/gcc/arm-none-eabi/7.3.1/../../../../arm-none-eabi/lib/thumb/v7e-m/fpv4-sp/hard/libc_nano.a(lib_a-gdtoa-gethex.o)
                0x0000000008005b90                __hexdig_fun
 .text.__gethex
                0x0000000008005bba      0x442 /home/carrie/Program/st-stm32cubeide_1.4.0_7511_20200720_0928_amd64.sh.root/plugins/com.st.stm32cube.ide.mcu.externaltools.gnu-tools-for-stm32.7-2018-q2-update.linux64_1.4.0.202007081208/tools/bin/../lib/gcc/arm-none-eabi/7.3.1/../../../../arm-none-eabi/lib/thumb/v7e-m/fpv4-sp/hard/libc_nano.a(lib_a-gdtoa-gethex.o)
                0x0000000008005bba                __gethex
 .text.L_shift  0x0000000008005ffc       0x24 /home/carrie/Program/st-stm32cubeide_1.4.0_7511_20200720_0928_amd64.sh.root/plugins/com.st.stm32cube.ide.mcu.externaltools.gnu-tools-for-stm32.7-2018-q2-update.linux64_1.4.0.202007081208/tools/bin/../lib/gcc/arm-none-eabi/7.3.1/../../../../arm-none-eabi/lib/thumb/v7e-m/fpv4-sp/hard/libc_nano.a(lib_a-gdtoa-hexnan.o)
 .text.__match  0x0000000008006020       0x28 /home/carrie/Program/st-stm32cubeide_1.4.0_7511_20200720_0928_amd64.sh.root/plugins/com.st.stm32cube.ide.mcu.externaltools.gnu-tools-for-stm32.7-2018-q2-update.linux64_1.4.0.202007081208/tools/bin/../lib/gcc/arm-none-eabi/7.3.1/../../../../arm-none-eabi/lib/thumb/v7e-m/fpv4-sp/hard/libc_nano.a(lib_a-gdtoa-hexnan.o)
                0x0000000008006020                __match
 .text.__hexnan
                0x0000000008006048      0x120 /home/carrie/Program/st-stm32cubeide_1.4.0_7511_20200720_0928_amd64.sh.root/plugins/com.st.stm32cube.ide.mcu.externaltools.gnu-tools-for-stm32.7-2018-q2-update.linux64_1.4.0.202007081208/tools/bin/../lib/gcc/arm-none-eabi/7.3.1/../../../../arm-none-eabi/lib/thumb/v7e-m/fpv4-sp/hard/libc_nano.a(lib_a-gdtoa-hexnan.o)
                0x0000000008006048                __hexnan
 .text.__locale_ctype_ptr_l
                0x0000000008006168        0x6 /home/carrie/Program/st-stm32cubeide_1.4.0_7511_20200720_0928_amd64.sh.root/plugins/com.st.stm32cube.ide.mcu.externaltools.gnu-tools-for-stm32.7-2018-q2-update.linux64_1.4.0.202007081208/tools/bin/../lib/gcc/arm-none-eabi/7.3.1/../../../../arm-none-eabi/lib/thumb/v7e-m/fpv4-sp/hard/libc_nano.a(lib_a-locale.o)
                0x0000000008006168                __locale_ctype_ptr_l
 .text.__localeconv_l
                0x000000000800616e        0x4 /home/carrie/Program/st-stm32cubeide_1.4.0_7511_20200720_0928_amd64.sh.root/plugins/com.st.stm32cube.ide.mcu.externaltools.gnu-tools-for-stm32.7-2018-q2-update.linux64_1.4.0.202007081208/tools/bin/../lib/gcc/arm-none-eabi/7.3.1/../../../../arm-none-eabi/lib/thumb/v7e-m/fpv4-sp/hard/libc_nano.a(lib_a-localeconv.o)
                0x000000000800616e                __localeconv_l
 .text.__ascii_mbtowc
                0x0000000008006172       0x24 /home/carrie/Program/st-stm32cubeide_1.4.0_7511_20200720_0928_amd64.sh.root/plugins/com.st.stm32cube.ide.mcu.externaltools.gnu-tools-for-stm32.7-2018-q2-update.linux64_1.4.0.202007081208/tools/bin/../lib/gcc/arm-none-eabi/7.3.1/../../../../arm-none-eabi/lib/thumb/v7e-m/fpv4-sp/hard/libc_nano.a(lib_a-mbtowc_r.o)
                0x0000000008006172                __ascii_mbtowc
 .text._Balloc  0x0000000008006196       0x68 /home/carrie/Program/st-stm32cubeide_1.4.0_7511_20200720_0928_amd64.sh.root/plugins/com.st.stm32cube.ide.mcu.externaltools.gnu-tools-for-stm32.7-2018-q2-update.linux64_1.4.0.202007081208/tools/bin/../lib/gcc/arm-none-eabi/7.3.1/../../../../arm-none-eabi/lib/thumb/v7e-m/fpv4-sp/hard/libc_nano.a(lib_a-mprec.o)
                0x0000000008006196                _Balloc
 .text._Bfree   0x00000000080061fe       0x2e /home/carrie/Program/st-stm32cubeide_1.4.0_7511_20200720_0928_amd64.sh.root/plugins/com.st.stm32cube.ide.mcu.externaltools.gnu-tools-for-stm32.7-2018-q2-update.linux64_1.4.0.202007081208/tools/bin/../lib/gcc/arm-none-eabi/7.3.1/../../../../arm-none-eabi/lib/thumb/v7e-m/fpv4-sp/hard/libc_nano.a(lib_a-mprec.o)
                0x00000000080061fe                _Bfree
 .text.__multadd
                0x000000000800622c       0x76 /home/carrie/Program/st-stm32cubeide_1.4.0_7511_20200720_0928_amd64.sh.root/plugins/com.st.stm32cube.ide.mcu.externaltools.gnu-tools-for-stm32.7-2018-q2-update.linux64_1.4.0.202007081208/tools/bin/../lib/gcc/arm-none-eabi/7.3.1/../../../../arm-none-eabi/lib/thumb/v7e-m/fpv4-sp/hard/libc_nano.a(lib_a-mprec.o)
                0x000000000800622c                __multadd
 .text.__s2b    0x00000000080062a2       0x7c /home/carrie/Program/st-stm32cubeide_1.4.0_7511_20200720_0928_amd64.sh.root/plugins/com.st.stm32cube.ide.mcu.externaltools.gnu-tools-for-stm32.7-2018-q2-update.linux64_1.4.0.202007081208/tools/bin/../lib/gcc/arm-none-eabi/7.3.1/../../../../arm-none-eabi/lib/thumb/v7e-m/fpv4-sp/hard/libc_nano.a(lib_a-mprec.o)
                0x00000000080062a2                __s2b
 .text.__hi0bits
                0x000000000800631e       0x3e /home/carrie/Program/st-stm32cubeide_1.4.0_7511_20200720_0928_amd64.sh.root/plugins/com.st.stm32cube.ide.mcu.externaltools.gnu-tools-for-stm32.7-2018-q2-update.linux64_1.4.0.202007081208/tools/bin/../lib/gcc/arm-none-eabi/7.3.1/../../../../arm-none-eabi/lib/thumb/v7e-m/fpv4-sp/hard/libc_nano.a(lib_a-mprec.o)
                0x000000000800631e                __hi0bits
 .text.__lo0bits
                0x000000000800635c       0x5e /home/carrie/Program/st-stm32cubeide_1.4.0_7511_20200720_0928_amd64.sh.root/plugins/com.st.stm32cube.ide.mcu.externaltools.gnu-tools-for-stm32.7-2018-q2-update.linux64_1.4.0.202007081208/tools/bin/../lib/gcc/arm-none-eabi/7.3.1/../../../../arm-none-eabi/lib/thumb/v7e-m/fpv4-sp/hard/libc_nano.a(lib_a-mprec.o)
                0x000000000800635c                __lo0bits
 .text.__i2b    0x00000000080063ba       0x12 /home/carrie/Program/st-stm32cubeide_1.4.0_7511_20200720_0928_amd64.sh.root/plugins/com.st.stm32cube.ide.mcu.externaltools.gnu-tools-for-stm32.7-2018-q2-update.linux64_1.4.0.202007081208/tools/bin/../lib/gcc/arm-none-eabi/7.3.1/../../../../arm-none-eabi/lib/thumb/v7e-m/fpv4-sp/hard/libc_nano.a(lib_a-mprec.o)
                0x00000000080063ba                __i2b
 .text.__multiply
                0x00000000080063cc      0x12c /home/carrie/Program/st-stm32cubeide_1.4.0_7511_20200720_0928_amd64.sh.root/plugins/com.st.stm32cube.ide.mcu.externaltools.gnu-tools-for-stm32.7-2018-q2-update.linux64_1.4.0.202007081208/tools/bin/../lib/gcc/arm-none-eabi/7.3.1/../../../../arm-none-eabi/lib/thumb/v7e-m/fpv4-sp/hard/libc_nano.a(lib_a-mprec.o)
                0x00000000080063cc                __multiply
 .text.__pow5mult
                0x00000000080064f8       0x9c /home/carrie/Program/st-stm32cubeide_1.4.0_7511_20200720_0928_amd64.sh.root/plugins/com.st.stm32cube.ide.mcu.externaltools.gnu-tools-for-stm32.7-2018-q2-update.linux64_1.4.0.202007081208/tools/bin/../lib/gcc/arm-none-eabi/7.3.1/../../../../arm-none-eabi/lib/thumb/v7e-m/fpv4-sp/hard/libc_nano.a(lib_a-mprec.o)
                0x00000000080064f8                __pow5mult
 .text.__lshift
                0x0000000008006594       0xa8 /home/carrie/Program/st-stm32cubeide_1.4.0_7511_20200720_0928_amd64.sh.root/plugins/com.st.stm32cube.ide.mcu.externaltools.gnu-tools-for-stm32.7-2018-q2-update.linux64_1.4.0.202007081208/tools/bin/../lib/gcc/arm-none-eabi/7.3.1/../../../../arm-none-eabi/lib/thumb/v7e-m/fpv4-sp/hard/libc_nano.a(lib_a-mprec.o)
                0x0000000008006594                __lshift
 .text.__mcmp   0x000000000800663c       0x34 /home/carrie/Program/st-stm32cubeide_1.4.0_7511_20200720_0928_amd64.sh.root/plugins/com.st.stm32cube.ide.mcu.externaltools.gnu-tools-for-stm32.7-2018-q2-update.linux64_1.4.0.202007081208/tools/bin/../lib/gcc/arm-none-eabi/7.3.1/../../../../arm-none-eabi/lib/thumb/v7e-m/fpv4-sp/hard/libc_nano.a(lib_a-mprec.o)
                0x000000000800663c                __mcmp
 .text.__mdiff  0x0000000008006670       0xba /home/carrie/Program/st-stm32cubeide_1.4.0_7511_20200720_0928_amd64.sh.root/plugins/com.st.stm32cube.ide.mcu.externaltools.gnu-tools-for-stm32.7-2018-q2-update.linux64_1.4.0.202007081208/tools/bin/../lib/gcc/arm-none-eabi/7.3.1/../../../../arm-none-eabi/lib/thumb/v7e-m/fpv4-sp/hard/libc_nano.a(lib_a-mprec.o)
                0x0000000008006670                __mdiff
 *fill*         0x000000000800672a        0x2 
 .text.__ulp    0x000000000800672c       0x50 /home/carrie/Program/st-stm32cubeide_1.4.0_7511_20200720_0928_amd64.sh.root/plugins/com.st.stm32cube.ide.mcu.externaltools.gnu-tools-for-stm32.7-2018-q2-update.linux64_1.4.0.202007081208/tools/bin/../lib/gcc/arm-none-eabi/7.3.1/../../../../arm-none-eabi/lib/thumb/v7e-m/fpv4-sp/hard/libc_nano.a(lib_a-mprec.o)
                0x000000000800672c                __ulp
 .text.__b2d    0x000000000800677c       0x9c /home/carrie/Program/st-stm32cubeide_1.4.0_7511_20200720_0928_amd64.sh.root/plugins/com.st.stm32cube.ide.mcu.externaltools.gnu-tools-for-stm32.7-2018-q2-update.linux64_1.4.0.202007081208/tools/bin/../lib/gcc/arm-none-eabi/7.3.1/../../../../arm-none-eabi/lib/thumb/v7e-m/fpv4-sp/hard/libc_nano.a(lib_a-mprec.o)
                0x000000000800677c                __b2d
 .text.__d2b    0x0000000008006818       0x9e /home/carrie/Program/st-stm32cubeide_1.4.0_7511_20200720_0928_amd64.sh.root/plugins/com.st.stm32cube.ide.mcu.externaltools.gnu-tools-for-stm32.7-2018-q2-update.linux64_1.4.0.202007081208/tools/bin/../lib/gcc/arm-none-eabi/7.3.1/../../../../arm-none-eabi/lib/thumb/v7e-m/fpv4-sp/hard/libc_nano.a(lib_a-mprec.o)
                0x0000000008006818                __d2b
 .text.__ratio  0x00000000080068b6       0x66 /home/carrie/Program/st-stm32cubeide_1.4.0_7511_20200720_0928_amd64.sh.root/plugins/com.st.stm32cube.ide.mcu.externaltools.gnu-tools-for-stm32.7-2018-q2-update.linux64_1.4.0.202007081208/tools/bin/../lib/gcc/arm-none-eabi/7.3.1/../../../../arm-none-eabi/lib/thumb/v7e-m/fpv4-sp/hard/libc_nano.a(lib_a-mprec.o)
                0x00000000080068b6                __ratio
 .text.__copybits
                0x000000000800691c       0x34 /home/carrie/Program/st-stm32cubeide_1.4.0_7511_20200720_0928_amd64.sh.root/plugins/com.st.stm32cube.ide.mcu.externaltools.gnu-tools-for-stm32.7-2018-q2-update.linux64_1.4.0.202007081208/tools/bin/../lib/gcc/arm-none-eabi/7.3.1/../../../../arm-none-eabi/lib/thumb/v7e-m/fpv4-sp/hard/libc_nano.a(lib_a-mprec.o)
                0x000000000800691c                __copybits
 .text.__any_on
                0x0000000008006950       0x42 /home/carrie/Program/st-stm32cubeide_1.4.0_7511_20200720_0928_amd64.sh.root/plugins/com.st.stm32cube.ide.mcu.externaltools.gnu-tools-for-stm32.7-2018-q2-update.linux64_1.4.0.202007081208/tools/bin/../lib/gcc/arm-none-eabi/7.3.1/../../../../arm-none-eabi/lib/thumb/v7e-m/fpv4-sp/hard/libc_nano.a(lib_a-mprec.o)
                0x0000000008006950                __any_on
 .text._calloc_r
                0x0000000008006992       0x1c /home/carrie/Program/st-stm32cubeide_1.4.0_7511_20200720_0928_amd64.sh.root/plugins/com.st.stm32cube.ide.mcu.externaltools.gnu-tools-for-stm32.7-2018-q2-update.linux64_1.4.0.202007081208/tools/bin/../lib/gcc/arm-none-eabi/7.3.1/../../../../arm-none-eabi/lib/thumb/v7e-m/fpv4-sp/hard/libc_nano.a(lib_a-nano-callocr.o)
                0x0000000008006992                _calloc_r
 *fill*         0x00000000080069ae        0x2 
 .text._malloc_r
                0x00000000080069b0       0xb4 /home/carrie/Program/st-stm32cubeide_1.4.0_7511_20200720_0928_amd64.sh.root/plugins/com.st.stm32cube.ide.mcu.externaltools.gnu-tools-for-stm32.7-2018-q2-update.linux64_1.4.0.202007081208/tools/bin/../lib/gcc/arm-none-eabi/7.3.1/../../../../arm-none-eabi/lib/thumb/v7e-m/fpv4-sp/hard/libc_nano.a(lib_a-nano-mallocr.o)
                0x00000000080069b0                _malloc_r
 .text.__ssputs_r
                0x0000000008006a64       0xb4 /home/carrie/Program/st-stm32cubeide_1.4.0_7511_20200720_0928_amd64.sh.root/plugins/com.st.stm32cube.ide.mcu.externaltools.gnu-tools-for-stm32.7-2018-q2-update.linux64_1.4.0.202007081208/tools/bin/../lib/gcc/arm-none-eabi/7.3.1/../../../../arm-none-eabi/lib/thumb/v7e-m/fpv4-sp/hard/libc_nano.a(lib_a-nano-svfprintf.o)
                0x0000000008006a64                __ssputs_r
 .text._svfprintf_r
                0x0000000008006b18      0x1f0 /home/carrie/Program/st-stm32cubeide_1.4.0_7511_20200720_0928_amd64.sh.root/plugins/com.st.stm32cube.ide.mcu.externaltools.gnu-tools-for-stm32.7-2018-q2-update.linux64_1.4.0.202007081208/tools/bin/../lib/gcc/arm-none-eabi/7.3.1/../../../../arm-none-eabi/lib/thumb/v7e-m/fpv4-sp/hard/libc_nano.a(lib_a-nano-svfprintf.o)
                0x0000000008006b18                _svfprintf_r
                0x0000000008006b18                _svfiprintf_r
 .text._printf_common
                0x0000000008006d08       0xea /home/carrie/Program/st-stm32cubeide_1.4.0_7511_20200720_0928_amd64.sh.root/plugins/com.st.stm32cube.ide.mcu.externaltools.gnu-tools-for-stm32.7-2018-q2-update.linux64_1.4.0.202007081208/tools/bin/../lib/gcc/arm-none-eabi/7.3.1/../../../../arm-none-eabi/lib/thumb/v7e-m/fpv4-sp/hard/libc_nano.a(lib_a-nano-vfprintf_i.o)
                0x0000000008006d08                _printf_common
 *fill*         0x0000000008006df2        0x2 
 .text._printf_i
                0x0000000008006df4      0x224 /home/carrie/Program/st-stm32cubeide_1.4.0_7511_20200720_0928_amd64.sh.root/plugins/com.st.stm32cube.ide.mcu.externaltools.gnu-tools-for-stm32.7-2018-q2-update.linux64_1.4.0.202007081208/tools/bin/../lib/gcc/arm-none-eabi/7.3.1/../../../../arm-none-eabi/lib/thumb/v7e-m/fpv4-sp/hard/libc_nano.a(lib_a-nano-vfprintf_i.o)
                0x0000000008006df4                _printf_i
 .text._sbrk_r  0x0000000008007018       0x20 /home/carrie/Program/st-stm32cubeide_1.4.0_7511_20200720_0928_amd64.sh.root/plugins/com.st.stm32cube.ide.mcu.externaltools.gnu-tools-for-stm32.7-2018-q2-update.linux64_1.4.0.202007081208/tools/bin/../lib/gcc/arm-none-eabi/7.3.1/../../../../arm-none-eabi/lib/thumb/v7e-m/fpv4-sp/hard/libc_nano.a(lib_a-sbrkr.o)
                0x0000000008007018                _sbrk_r
 .text.strncmp  0x0000000008007038       0x24 /home/carrie/Program/st-stm32cubeide_1.4.0_7511_20200720_0928_amd64.sh.root/plugins/com.st.stm32cube.ide.mcu.externaltools.gnu-tools-for-stm32.7-2018-q2-update.linux64_1.4.0.202007081208/tools/bin/../lib/gcc/arm-none-eabi/7.3.1/../../../../arm-none-eabi/lib/thumb/v7e-m/fpv4-sp/hard/libc_nano.a(lib_a-strncmp.o)
                0x0000000008007038                strncmp
 .text.__ascii_wctomb
                0x000000000800705c       0x1a /home/carrie/Program/st-stm32cubeide_1.4.0_7511_20200720_0928_amd64.sh.root/plugins/com.st.stm32cube.ide.mcu.externaltools.gnu-tools-for-stm32.7-2018-q2-update.linux64_1.4.0.202007081208/tools/bin/../lib/gcc/arm-none-eabi/7.3.1/../../../../arm-none-eabi/lib/thumb/v7e-m/fpv4-sp/hard/libc_nano.a(lib_a-wctomb_r.o)
                0x000000000800705c                __ascii_wctomb
 *fill*         0x0000000008007076        0x2 
 .text.malloc   0x0000000008007078       0x10 /home/carrie/Program/st-stm32cubeide_1.4.0_7511_20200720_0928_amd64.sh.root/plugins/com.st.stm32cube.ide.mcu.externaltools.gnu-tools-for-stm32.7-2018-q2-update.linux64_1.4.0.202007081208/tools/bin/../lib/gcc/arm-none-eabi/7.3.1/../../../../arm-none-eabi/lib/thumb/v7e-m/fpv4-sp/hard/libc_nano.a(lib_a-malloc.o)
                0x0000000008007078                malloc
 .text.__malloc_lock
                0x0000000008007088        0x2 /home/carrie/Program/st-stm32cubeide_1.4.0_7511_20200720_0928_amd64.sh.root/plugins/com.st.stm32cube.ide.mcu.externaltools.gnu-tools-for-stm32.7-2018-q2-update.linux64_1.4.0.202007081208/tools/bin/../lib/gcc/arm-none-eabi/7.3.1/../../../../arm-none-eabi/lib/thumb/v7e-m/fpv4-sp/hard/libc_nano.a(lib_a-mlock.o)
                0x0000000008007088                __malloc_lock
 .text.__malloc_unlock
                0x000000000800708a        0x2 /home/carrie/Program/st-stm32cubeide_1.4.0_7511_20200720_0928_amd64.sh.root/plugins/com.st.stm32cube.ide.mcu.externaltools.gnu-tools-for-stm32.7-2018-q2-update.linux64_1.4.0.202007081208/tools/bin/../lib/gcc/arm-none-eabi/7.3.1/../../../../arm-none-eabi/lib/thumb/v7e-m/fpv4-sp/hard/libc_nano.a(lib_a-mlock.o)
                0x000000000800708a                __malloc_unlock
 .text._free_r  0x000000000800708c       0x9c /home/carrie/Program/st-stm32cubeide_1.4.0_7511_20200720_0928_amd64.sh.root/plugins/com.st.stm32cube.ide.mcu.externaltools.gnu-tools-for-stm32.7-2018-q2-update.linux64_1.4.0.202007081208/tools/bin/../lib/gcc/arm-none-eabi/7.3.1/../../../../arm-none-eabi/lib/thumb/v7e-m/fpv4-sp/hard/libc_nano.a(lib_a-nano-freer.o)
                0x000000000800708c                _free_r
 .text._realloc_r
                0x0000000008007128       0x4c /home/carrie/Program/st-stm32cubeide_1.4.0_7511_20200720_0928_amd64.sh.root/plugins/com.st.stm32cube.ide.mcu.externaltools.gnu-tools-for-stm32.7-2018-q2-update.linux64_1.4.0.202007081208/tools/bin/../lib/gcc/arm-none-eabi/7.3.1/../../../../arm-none-eabi/lib/thumb/v7e-m/fpv4-sp/hard/libc_nano.a(lib_a-nano-reallocr.o)
                0x0000000008007128                _realloc_r
 .text._malloc_usable_size_r
                0x0000000008007174       0x10 /home/carrie/Program/st-stm32cubeide_1.4.0_7511_20200720_0928_amd64.sh.root/plugins/com.st.stm32cube.ide.mcu.externaltools.gnu-tools-for-stm32.7-2018-q2-update.linux64_1.4.0.202007081208/tools/bin/../lib/gcc/arm-none-eabi/7.3.1/../../../../arm-none-eabi/lib/thumb/v7e-m/fpv4-sp/hard/libc_nano.a(lib_a-nano-msizer.o)
                0x0000000008007174                _malloc_usable_size_r
 *fill*         0x0000000008007184        0x4 
 .text.cos      0x0000000008007188       0x88 /home/carrie/Program/st-stm32cubeide_1.4.0_7511_20200720_0928_amd64.sh.root/plugins/com.st.stm32cube.ide.mcu.externaltools.gnu-tools-for-stm32.7-2018-q2-update.linux64_1.4.0.202007081208/tools/bin/../lib/gcc/arm-none-eabi/7.3.1/../../../../arm-none-eabi/lib/thumb/v7e-m/fpv4-sp/hard/libm.a(lib_a-s_cos.o)
                0x0000000008007188                cos
 .text.sin      0x0000000008007210       0x90 /home/carrie/Program/st-stm32cubeide_1.4.0_7511_20200720_0928_amd64.sh.root/plugins/com.st.stm32cube.ide.mcu.externaltools.gnu-tools-for-stm32.7-2018-q2-update.linux64_1.4.0.202007081208/tools/bin/../lib/gcc/arm-none-eabi/7.3.1/../../../../arm-none-eabi/lib/thumb/v7e-m/fpv4-sp/hard/libm.a(lib_a-s_sin.o)
                0x0000000008007210                sin
 .text.fmod     0x00000000080072a0       0xc8 /home/carrie/Program/st-stm32cubeide_1.4.0_7511_20200720_0928_amd64.sh.root/plugins/com.st.stm32cube.ide.mcu.externaltools.gnu-tools-for-stm32.7-2018-q2-update.linux64_1.4.0.202007081208/tools/bin/../lib/gcc/arm-none-eabi/7.3.1/../../../../arm-none-eabi/lib/thumb/v7e-m/fpv4-sp/hard/libm.a(lib_a-w_fmod.o)
                0x00000000080072a0                fmod
 .text.__ieee754_fmod
                0x0000000008007368      0x224 /home/carrie/Program/st-stm32cubeide_1.4.0_7511_20200720_0928_amd64.sh.root/plugins/com.st.stm32cube.ide.mcu.externaltools.gnu-tools-for-stm32.7-2018-q2-update.linux64_1.4.0.202007081208/tools/bin/../lib/gcc/arm-none-eabi/7.3.1/../../../../arm-none-eabi/lib/thumb/v7e-m/fpv4-sp/hard/libm.a(lib_a-e_fmod.o)
                0x0000000008007368                __ieee754_fmod
 *fill*         0x000000000800758c        0x4 
 .text.__ieee754_rem_pio2
                0x0000000008007590      0x3e4 /home/carrie/Program/st-stm32cubeide_1.4.0_7511_20200720_0928_amd64.sh.root/plugins/com.st.stm32cube.ide.mcu.externaltools.gnu-tools-for-stm32.7-2018-q2-update.linux64_1.4.0.202007081208/tools/bin/../lib/gcc/arm-none-eabi/7.3.1/../../../../arm-none-eabi/lib/thumb/v7e-m/fpv4-sp/hard/libm.a(lib_a-e_rem_pio2.o)
                0x0000000008007590                __ieee754_rem_pio2
 *fill*         0x0000000008007974        0x4 
 .text.__kernel_cos
                0x0000000008007978      0x18c /home/carrie/Program/st-stm32cubeide_1.4.0_7511_20200720_0928_amd64.sh.root/plugins/com.st.stm32cube.ide.mcu.externaltools.gnu-tools-for-stm32.7-2018-q2-update.linux64_1.4.0.202007081208/tools/bin/../lib/gcc/arm-none-eabi/7.3.1/../../../../arm-none-eabi/lib/thumb/v7e-m/fpv4-sp/hard/libm.a(lib_a-k_cos.o)
                0x0000000008007978                __kernel_cos
 *fill*         0x0000000008007b04        0x4 
 .text.__kernel_rem_pio2
                0x0000000008007b08      0x680 /home/carrie/Program/st-stm32cubeide_1.4.0_7511_20200720_0928_amd64.sh.root/plugins/com.st.stm32cube.ide.mcu.externaltools.gnu-tools-for-stm32.7-2018-q2-update.linux64_1.4.0.202007081208/tools/bin/../lib/gcc/arm-none-eabi/7.3.1/../../../../arm-none-eabi/lib/thumb/v7e-m/fpv4-sp/hard/libm.a(lib_a-k_rem_pio2.o)
                0x0000000008007b08                __kernel_rem_pio2
 .text.__kernel_sin
                0x0000000008008188      0x174 /home/carrie/Program/st-stm32cubeide_1.4.0_7511_20200720_0928_amd64.sh.root/plugins/com.st.stm32cube.ide.mcu.externaltools.gnu-tools-for-stm32.7-2018-q2-update.linux64_1.4.0.202007081208/tools/bin/../lib/gcc/arm-none-eabi/7.3.1/../../../../arm-none-eabi/lib/thumb/v7e-m/fpv4-sp/hard/libm.a(lib_a-k_sin.o)
                0x0000000008008188                __kernel_sin
 .text.fabs     0x00000000080082fc       0x12 /home/carrie/Program/st-stm32cubeide_1.4.0_7511_20200720_0928_amd64.sh.root/plugins/com.st.stm32cube.ide.mcu.externaltools.gnu-tools-for-stm32.7-2018-q2-update.linux64_1.4.0.202007081208/tools/bin/../lib/gcc/arm-none-eabi/7.3.1/../../../../arm-none-eabi/lib/thumb/v7e-m/fpv4-sp/hard/libm.a(lib_a-s_fabs.o)
                0x00000000080082fc                fabs
 *fill*         0x000000000800830e        0x2 
 .text.floor    0x0000000008008310      0x108 /home/carrie/Program/st-stm32cubeide_1.4.0_7511_20200720_0928_amd64.sh.root/plugins/com.st.stm32cube.ide.mcu.externaltools.gnu-tools-for-stm32.7-2018-q2-update.linux64_1.4.0.202007081208/tools/bin/../lib/gcc/arm-none-eabi/7.3.1/../../../../arm-none-eabi/lib/thumb/v7e-m/fpv4-sp/hard/libm.a(lib_a-s_floor.o)
                0x0000000008008310                floor
 .text.matherr  0x0000000008008418        0x4 /home/carrie/Program/st-stm32cubeide_1.4.0_7511_20200720_0928_amd64.sh.root/plugins/com.st.stm32cube.ide.mcu.externaltools.gnu-tools-for-stm32.7-2018-q2-update.linux64_1.4.0.202007081208/tools/bin/../lib/gcc/arm-none-eabi/7.3.1/../../../../arm-none-eabi/lib/thumb/v7e-m/fpv4-sp/hard/libm.a(lib_a-s_matherr.o)
                0x0000000008008418                matherr
 *fill*         0x000000000800841c        0x4 
 .text.scalbn   0x0000000008008420       0xec /home/carrie/Program/st-stm32cubeide_1.4.0_7511_20200720_0928_amd64.sh.root/plugins/com.st.stm32cube.ide.mcu.externaltools.gnu-tools-for-stm32.7-2018-q2-update.linux64_1.4.0.202007081208/tools/bin/../lib/gcc/arm-none-eabi/7.3.1/../../../../arm-none-eabi/lib/thumb/v7e-m/fpv4-sp/hard/libm.a(lib_a-s_scalbn.o)
                0x0000000008008420                scalbn
 .text.copysign
                0x000000000800850c       0x1e /home/carrie/Program/st-stm32cubeide_1.4.0_7511_20200720_0928_amd64.sh.root/plugins/com.st.stm32cube.ide.mcu.externaltools.gnu-tools-for-stm32.7-2018-q2-update.linux64_1.4.0.202007081208/tools/bin/../lib/gcc/arm-none-eabi/7.3.1/../../../../arm-none-eabi/lib/thumb/v7e-m/fpv4-sp/hard/libm.a(lib_a-s_copysign.o)
                0x000000000800850c                copysign
 *(.glue_7)
 .glue_7        0x000000000800852a        0x0 linker stubs
 *(.glue_7t)
 .glue_7t       0x000000000800852a        0x0 linker stubs
 *(.eh_frame)
 *fill*         0x000000000800852a        0x2 
 .eh_frame      0x000000000800852c        0x0 /home/carrie/Program/st-stm32cubeide_1.4.0_7511_20200720_0928_amd64.sh.root/plugins/com.st.stm32cube.ide.mcu.externaltools.gnu-tools-for-stm32.7-2018-q2-update.linux64_1.4.0.202007081208/tools/bin/../lib/gcc/arm-none-eabi/7.3.1/thumb/v7e-m/fpv4-sp/hard/crtbegin.o
 *(.init)
 .init          0x000000000800852c        0x4 /home/carrie/Program/st-stm32cubeide_1.4.0_7511_20200720_0928_amd64.sh.root/plugins/com.st.stm32cube.ide.mcu.externaltools.gnu-tools-for-stm32.7-2018-q2-update.linux64_1.4.0.202007081208/tools/bin/../lib/gcc/arm-none-eabi/7.3.1/thumb/v7e-m/fpv4-sp/hard/crti.o
                0x000000000800852c                _init
 .init          0x0000000008008530        0x8 /home/carrie/Program/st-stm32cubeide_1.4.0_7511_20200720_0928_amd64.sh.root/plugins/com.st.stm32cube.ide.mcu.externaltools.gnu-tools-for-stm32.7-2018-q2-update.linux64_1.4.0.202007081208/tools/bin/../lib/gcc/arm-none-eabi/7.3.1/thumb/v7e-m/fpv4-sp/hard/crtn.o
 *(.fini)
 .fini          0x0000000008008538        0x4 /home/carrie/Program/st-stm32cubeide_1.4.0_7511_20200720_0928_amd64.sh.root/plugins/com.st.stm32cube.ide.mcu.externaltools.gnu-tools-for-stm32.7-2018-q2-update.linux64_1.4.0.202007081208/tools/bin/../lib/gcc/arm-none-eabi/7.3.1/thumb/v7e-m/fpv4-sp/hard/crti.o
                0x0000000008008538                _fini
 .fini          0x000000000800853c        0x8 /home/carrie/Program/st-stm32cubeide_1.4.0_7511_20200720_0928_amd64.sh.root/plugins/com.st.stm32cube.ide.mcu.externaltools.gnu-tools-for-stm32.7-2018-q2-update.linux64_1.4.0.202007081208/tools/bin/../lib/gcc/arm-none-eabi/7.3.1/thumb/v7e-m/fpv4-sp/hard/crtn.o
                0x0000000008008548                . = ALIGN (0x8)
 *fill*         0x0000000008008544        0x4 
                0x0000000008008548                _etext = .

.vfp11_veneer   0x0000000008008548        0x0
 .vfp11_veneer  0x0000000008008548        0x0 linker stubs

.v4_bx          0x0000000008008548        0x0
 .v4_bx         0x0000000008008548        0x0 linker stubs

.iplt           0x0000000008008548        0x0
 .iplt          0x0000000008008548        0x0 /home/carrie/Program/st-stm32cubeide_1.4.0_7511_20200720_0928_amd64.sh.root/plugins/com.st.stm32cube.ide.mcu.externaltools.gnu-tools-for-stm32.7-2018-q2-update.linux64_1.4.0.202007081208/tools/bin/../lib/gcc/arm-none-eabi/7.3.1/thumb/v7e-m/fpv4-sp/hard/crtbegin.o

.rodata         0x0000000008008548     0x3388
                0x0000000008008548                . = ALIGN (0x8)
 *(.rodata)
 .rodata        0x0000000008008548     0x2e04 Core/Inc/SSD1306/ssd1306_fonts.o
 .rodata        0x000000000800b34c       0x11 Core/Src/imu.o
                0x000000000800b350                reset_sensor
                0x000000000800b354                read_calib
                0x000000000800b358                read_devid
                0x000000000800b35c                num_of_bytes_read
 *fill*         0x000000000800b35d        0x3 
 .rodata        0x000000000800b360       0x48 Core/Src/system_stm32l4xx.o
                0x000000000800b360                MSIRangeTable
                0x000000000800b390                AHBPrescTable
                0x000000000800b3a0                APBPrescTable
 *(.rodata*)
 .rodata.str1.4
                0x000000000800b3a8       0x94 Core/Src/main.o
                                         0x92 (size before relaxing)
 .rodata._scanf_float.str1.1
                0x000000000800b43c        0x5 /home/carrie/Program/st-stm32cubeide_1.4.0_7511_20200720_0928_amd64.sh.root/plugins/com.st.stm32cube.ide.mcu.externaltools.gnu-tools-for-stm32.7-2018-q2-update.linux64_1.4.0.202007081208/tools/bin/../lib/gcc/arm-none-eabi/7.3.1/../../../../arm-none-eabi/lib/thumb/v7e-m/fpv4-sp/hard/libc_nano.a(lib_a-nano-vfscanf_float.o)
 .rodata._strtod_l.str1.1
                0x000000000800b441        0xc /home/carrie/Program/st-stm32cubeide_1.4.0_7511_20200720_0928_amd64.sh.root/plugins/com.st.stm32cube.ide.mcu.externaltools.gnu-tools-for-stm32.7-2018-q2-update.linux64_1.4.0.202007081208/tools/bin/../lib/gcc/arm-none-eabi/7.3.1/../../../../arm-none-eabi/lib/thumb/v7e-m/fpv4-sp/hard/libc_nano.a(lib_a-strtod.o)
 *fill*         0x000000000800b44d        0x3 
 .rodata.fpi.7435
                0x000000000800b450       0x14 /home/carrie/Program/st-stm32cubeide_1.4.0_7511_20200720_0928_amd64.sh.root/plugins/com.st.stm32cube.ide.mcu.externaltools.gnu-tools-for-stm32.7-2018-q2-update.linux64_1.4.0.202007081208/tools/bin/../lib/gcc/arm-none-eabi/7.3.1/../../../../arm-none-eabi/lib/thumb/v7e-m/fpv4-sp/hard/libc_nano.a(lib_a-strtod.o)
 .rodata.fpinan.7471
                0x000000000800b464       0x14 /home/carrie/Program/st-stm32cubeide_1.4.0_7511_20200720_0928_amd64.sh.root/plugins/com.st.stm32cube.ide.mcu.externaltools.gnu-tools-for-stm32.7-2018-q2-update.linux64_1.4.0.202007081208/tools/bin/../lib/gcc/arm-none-eabi/7.3.1/../../../../arm-none-eabi/lib/thumb/v7e-m/fpv4-sp/hard/libc_nano.a(lib_a-strtod.o)
 .rodata.tinytens
                0x000000000800b478       0x28 /home/carrie/Program/st-stm32cubeide_1.4.0_7511_20200720_0928_amd64.sh.root/plugins/com.st.stm32cube.ide.mcu.externaltools.gnu-tools-for-stm32.7-2018-q2-update.linux64_1.4.0.202007081208/tools/bin/../lib/gcc/arm-none-eabi/7.3.1/../../../../arm-none-eabi/lib/thumb/v7e-m/fpv4-sp/hard/libc_nano.a(lib_a-strtod.o)
 .rodata._setlocale_r.str1.1
                0x000000000800b4a0        0x8 /home/carrie/Program/st-stm32cubeide_1.4.0_7511_20200720_0928_amd64.sh.root/plugins/com.st.stm32cube.ide.mcu.externaltools.gnu-tools-for-stm32.7-2018-q2-update.linux64_1.4.0.202007081208/tools/bin/../lib/gcc/arm-none-eabi/7.3.1/../../../../arm-none-eabi/lib/thumb/v7e-m/fpv4-sp/hard/libc_nano.a(lib_a-locale.o)
                                          0x9 (size before relaxing)
 .rodata.str1.1
                0x000000000800b4a8        0x2 /home/carrie/Program/st-stm32cubeide_1.4.0_7511_20200720_0928_amd64.sh.root/plugins/com.st.stm32cube.ide.mcu.externaltools.gnu-tools-for-stm32.7-2018-q2-update.linux64_1.4.0.202007081208/tools/bin/../lib/gcc/arm-none-eabi/7.3.1/../../../../arm-none-eabi/lib/thumb/v7e-m/fpv4-sp/hard/libc_nano.a(lib_a-locale.o)
 *fill*         0x000000000800b4aa        0x6 
 .rodata.__mprec_bigtens
                0x000000000800b4b0       0x28 /home/carrie/Program/st-stm32cubeide_1.4.0_7511_20200720_0928_amd64.sh.root/plugins/com.st.stm32cube.ide.mcu.externaltools.gnu-tools-for-stm32.7-2018-q2-update.linux64_1.4.0.202007081208/tools/bin/../lib/gcc/arm-none-eabi/7.3.1/../../../../arm-none-eabi/lib/thumb/v7e-m/fpv4-sp/hard/libc_nano.a(lib_a-mprec.o)
                0x000000000800b4b0                __mprec_bigtens
 .rodata.__mprec_tens
                0x000000000800b4d8       0xc8 /home/carrie/Program/st-stm32cubeide_1.4.0_7511_20200720_0928_amd64.sh.root/plugins/com.st.stm32cube.ide.mcu.externaltools.gnu-tools-for-stm32.7-2018-q2-update.linux64_1.4.0.202007081208/tools/bin/../lib/gcc/arm-none-eabi/7.3.1/../../../../arm-none-eabi/lib/thumb/v7e-m/fpv4-sp/hard/libc_nano.a(lib_a-mprec.o)
                0x000000000800b4d8                __mprec_tens
 .rodata.p05.7359
                0x000000000800b5a0        0xc /home/carrie/Program/st-stm32cubeide_1.4.0_7511_20200720_0928_amd64.sh.root/plugins/com.st.stm32cube.ide.mcu.externaltools.gnu-tools-for-stm32.7-2018-q2-update.linux64_1.4.0.202007081208/tools/bin/../lib/gcc/arm-none-eabi/7.3.1/../../../../arm-none-eabi/lib/thumb/v7e-m/fpv4-sp/hard/libc_nano.a(lib_a-mprec.o)
 .rodata._svfprintf_r.str1.1
                0x000000000800b5ac       0x11 /home/carrie/Program/st-stm32cubeide_1.4.0_7511_20200720_0928_amd64.sh.root/plugins/com.st.stm32cube.ide.mcu.externaltools.gnu-tools-for-stm32.7-2018-q2-update.linux64_1.4.0.202007081208/tools/bin/../lib/gcc/arm-none-eabi/7.3.1/../../../../arm-none-eabi/lib/thumb/v7e-m/fpv4-sp/hard/libc_nano.a(lib_a-nano-svfprintf.o)
 .rodata._printf_i.str1.1
                0x000000000800b5bd       0x22 /home/carrie/Program/st-stm32cubeide_1.4.0_7511_20200720_0928_amd64.sh.root/plugins/com.st.stm32cube.ide.mcu.externaltools.gnu-tools-for-stm32.7-2018-q2-update.linux64_1.4.0.202007081208/tools/bin/../lib/gcc/arm-none-eabi/7.3.1/../../../../arm-none-eabi/lib/thumb/v7e-m/fpv4-sp/hard/libc_nano.a(lib_a-nano-vfprintf_i.o)
 .rodata._ctype_
                0x000000000800b5df      0x101 /home/carrie/Program/st-stm32cubeide_1.4.0_7511_20200720_0928_amd64.sh.root/plugins/com.st.stm32cube.ide.mcu.externaltools.gnu-tools-for-stm32.7-2018-q2-update.linux64_1.4.0.202007081208/tools/bin/../lib/gcc/arm-none-eabi/7.3.1/../../../../arm-none-eabi/lib/thumb/v7e-m/fpv4-sp/hard/libc_nano.a(lib_a-ctype_.o)
                0x000000000800b5df                _ctype_
 .rodata.fmod.str1.1
                0x000000000800b6e0        0x5 /home/carrie/Program/st-stm32cubeide_1.4.0_7511_20200720_0928_amd64.sh.root/plugins/com.st.stm32cube.ide.mcu.externaltools.gnu-tools-for-stm32.7-2018-q2-update.linux64_1.4.0.202007081208/tools/bin/../lib/gcc/arm-none-eabi/7.3.1/../../../../arm-none-eabi/lib/thumb/v7e-m/fpv4-sp/hard/libm.a(lib_a-w_fmod.o)
 *fill*         0x000000000800b6e5        0x3 
 .rodata.Zero   0x000000000800b6e8       0x10 /home/carrie/Program/st-stm32cubeide_1.4.0_7511_20200720_0928_amd64.sh.root/plugins/com.st.stm32cube.ide.mcu.externaltools.gnu-tools-for-stm32.7-2018-q2-update.linux64_1.4.0.202007081208/tools/bin/../lib/gcc/arm-none-eabi/7.3.1/../../../../arm-none-eabi/lib/thumb/v7e-m/fpv4-sp/hard/libm.a(lib_a-e_fmod.o)
 .rodata.npio2_hw
                0x000000000800b6f8       0x80 /home/carrie/Program/st-stm32cubeide_1.4.0_7511_20200720_0928_amd64.sh.root/plugins/com.st.stm32cube.ide.mcu.externaltools.gnu-tools-for-stm32.7-2018-q2-update.linux64_1.4.0.202007081208/tools/bin/../lib/gcc/arm-none-eabi/7.3.1/../../../../arm-none-eabi/lib/thumb/v7e-m/fpv4-sp/hard/libm.a(lib_a-e_rem_pio2.o)
 .rodata.two_over_pi
                0x000000000800b778      0x108 /home/carrie/Program/st-stm32cubeide_1.4.0_7511_20200720_0928_amd64.sh.root/plugins/com.st.stm32cube.ide.mcu.externaltools.gnu-tools-for-stm32.7-2018-q2-update.linux64_1.4.0.202007081208/tools/bin/../lib/gcc/arm-none-eabi/7.3.1/../../../../arm-none-eabi/lib/thumb/v7e-m/fpv4-sp/hard/libm.a(lib_a-e_rem_pio2.o)
 .rodata.PIo2   0x000000000800b880       0x40 /home/carrie/Program/st-stm32cubeide_1.4.0_7511_20200720_0928_amd64.sh.root/plugins/com.st.stm32cube.ide.mcu.externaltools.gnu-tools-for-stm32.7-2018-q2-update.linux64_1.4.0.202007081208/tools/bin/../lib/gcc/arm-none-eabi/7.3.1/../../../../arm-none-eabi/lib/thumb/v7e-m/fpv4-sp/hard/libm.a(lib_a-k_rem_pio2.o)
 .rodata.init_jk
                0x000000000800b8c0       0x10 /home/carrie/Program/st-stm32cubeide_1.4.0_7511_20200720_0928_amd64.sh.root/plugins/com.st.stm32cube.ide.mcu.externaltools.gnu-tools-for-stm32.7-2018-q2-update.linux64_1.4.0.202007081208/tools/bin/../lib/gcc/arm-none-eabi/7.3.1/../../../../arm-none-eabi/lib/thumb/v7e-m/fpv4-sp/hard/libm.a(lib_a-k_rem_pio2.o)
                0x000000000800b8d0                . = ALIGN (0x8)

.ARM.extab      0x000000000800b8d0        0x0
                0x000000000800b8d0                . = ALIGN (0x8)
 *(.ARM.extab* .gnu.linkonce.armextab.*)
                0x000000000800b8d0                . = ALIGN (0x8)

.ARM            0x000000000800b8d0        0x8
                0x000000000800b8d0                . = ALIGN (0x8)
                0x000000000800b8d0                __exidx_start = .
 *(.ARM.exidx*)
 .ARM.exidx     0x000000000800b8d0        0x8 /home/carrie/Program/st-stm32cubeide_1.4.0_7511_20200720_0928_amd64.sh.root/plugins/com.st.stm32cube.ide.mcu.externaltools.gnu-tools-for-stm32.7-2018-q2-update.linux64_1.4.0.202007081208/tools/bin/../lib/gcc/arm-none-eabi/7.3.1/thumb/v7e-m/fpv4-sp/hard/libgcc.a(_udivmoddi4.o)
                0x000000000800b8d8                __exidx_end = .
                0x000000000800b8d8                . = ALIGN (0x8)

.rel.dyn        0x000000000800b8d8        0x0
 .rel.iplt      0x000000000800b8d8        0x0 /home/carrie/Program/st-stm32cubeide_1.4.0_7511_20200720_0928_amd64.sh.root/plugins/com.st.stm32cube.ide.mcu.externaltools.gnu-tools-for-stm32.7-2018-q2-update.linux64_1.4.0.202007081208/tools/bin/../lib/gcc/arm-none-eabi/7.3.1/thumb/v7e-m/fpv4-sp/hard/crtbegin.o

.preinit_array  0x000000000800b8d8        0x0
                0x000000000800b8d8                . = ALIGN (0x8)
                0x000000000800b8d8                PROVIDE (__preinit_array_start = .)
 *(.preinit_array*)
                0x000000000800b8d8                PROVIDE (__preinit_array_end = .)
                0x000000000800b8d8                . = ALIGN (0x8)

.init_array     0x000000000800b8d8        0x8
                0x000000000800b8d8                . = ALIGN (0x8)
                0x000000000800b8d8                PROVIDE (__init_array_start = .)
 *(SORT_BY_NAME(.init_array.*))
 *(.init_array*)
 .init_array    0x000000000800b8d8        0x4 /home/carrie/Program/st-stm32cubeide_1.4.0_7511_20200720_0928_amd64.sh.root/plugins/com.st.stm32cube.ide.mcu.externaltools.gnu-tools-for-stm32.7-2018-q2-update.linux64_1.4.0.202007081208/tools/bin/../lib/gcc/arm-none-eabi/7.3.1/thumb/v7e-m/fpv4-sp/hard/crtbegin.o
                0x000000000800b8dc                PROVIDE (__init_array_end = .)
                0x000000000800b8e0                . = ALIGN (0x8)
 *fill*         0x000000000800b8dc        0x4 

.fini_array     0x000000000800b8e0        0x8
                0x000000000800b8e0                . = ALIGN (0x8)
                [!provide]                        PROVIDE (__fini_array_start = .)
 *(SORT_BY_NAME(.fini_array.*))
 *(.fini_array*)
 .fini_array    0x000000000800b8e0        0x4 /home/carrie/Program/st-stm32cubeide_1.4.0_7511_20200720_0928_amd64.sh.root/plugins/com.st.stm32cube.ide.mcu.externaltools.gnu-tools-for-stm32.7-2018-q2-update.linux64_1.4.0.202007081208/tools/bin/../lib/gcc/arm-none-eabi/7.3.1/thumb/v7e-m/fpv4-sp/hard/crtbegin.o
                [!provide]                        PROVIDE (__fini_array_end = .)
                0x000000000800b8e8                . = ALIGN (0x8)
 *fill*         0x000000000800b8e4        0x4 
                0x000000000800b8e8                _sidata = LOADADDR (.data)

.data           0x0000000020000000      0x210 load address 0x000000000800b8e8
                0x0000000020000000                . = ALIGN (0x8)
                0x0000000020000000                _sdata = .
 *(.data)
 .data          0x0000000020000000       0x20 Core/Inc/SSD1306/ssd1306_fonts.o
                0x0000000020000000                Font_16x26
                0x0000000020000008                Font_11x18
                0x0000000020000010                Font_7x10
                0x0000000020000018                Font_6x8
 .data          0x0000000020000020        0x9 Core/Src/imu.o
                0x0000000020000020                Abw
                0x0000000020000021                Ascale
                0x0000000020000022                Gbw
                0x0000000020000023                MOpMode
                0x0000000020000024                Modr
                0x0000000020000025                OPRMode
                0x0000000020000028                get_readings
 *fill*         0x0000000020000029        0x3 
 .data          0x000000002000002c        0x4 Core/Src/system_stm32l4xx.o
                0x000000002000002c                SystemCoreClock
 .data          0x0000000020000030        0x8 Drivers/STM32L4xx_HAL_Driver/Src/stm32l4xx_hal.o
                0x0000000020000030                uwTickFreq
                0x0000000020000034                uwTickPrio
 *(.data*)
 .data._impure_ptr
                0x0000000020000038        0x4 /home/carrie/Program/st-stm32cubeide_1.4.0_7511_20200720_0928_amd64.sh.root/plugins/com.st.stm32cube.ide.mcu.externaltools.gnu-tools-for-stm32.7-2018-q2-update.linux64_1.4.0.202007081208/tools/bin/../lib/gcc/arm-none-eabi/7.3.1/../../../../arm-none-eabi/lib/thumb/v7e-m/fpv4-sp/hard/libc_nano.a(lib_a-impure.o)
                0x0000000020000038                _impure_ptr
 .data.impure_data
                0x000000002000003c       0x60 /home/carrie/Program/st-stm32cubeide_1.4.0_7511_20200720_0928_amd64.sh.root/plugins/com.st.stm32cube.ide.mcu.externaltools.gnu-tools-for-stm32.7-2018-q2-update.linux64_1.4.0.202007081208/tools/bin/../lib/gcc/arm-none-eabi/7.3.1/../../../../arm-none-eabi/lib/thumb/v7e-m/fpv4-sp/hard/libc_nano.a(lib_a-impure.o)
 .data.__global_locale
                0x000000002000009c      0x16c /home/carrie/Program/st-stm32cubeide_1.4.0_7511_20200720_0928_amd64.sh.root/plugins/com.st.stm32cube.ide.mcu.externaltools.gnu-tools-for-stm32.7-2018-q2-update.linux64_1.4.0.202007081208/tools/bin/../lib/gcc/arm-none-eabi/7.3.1/../../../../arm-none-eabi/lib/thumb/v7e-m/fpv4-sp/hard/libc_nano.a(lib_a-locale.o)
                0x000000002000009c                __global_locale
 .data.__fdlib_version
                0x0000000020000208        0x1 /home/carrie/Program/st-stm32cubeide_1.4.0_7511_20200720_0928_amd64.sh.root/plugins/com.st.stm32cube.ide.mcu.externaltools.gnu-tools-for-stm32.7-2018-q2-update.linux64_1.4.0.202007081208/tools/bin/../lib/gcc/arm-none-eabi/7.3.1/../../../../arm-none-eabi/lib/thumb/v7e-m/fpv4-sp/hard/libm.a(lib_a-s_lib_ver.o)
                0x0000000020000208                __fdlib_version
                0x0000000020000210                . = ALIGN (0x8)
 *fill*         0x0000000020000209        0x7 
                0x0000000020000210                _edata = .

.igot.plt       0x0000000020000210        0x0 load address 0x000000000800baf8
 .igot.plt      0x0000000020000210        0x0 /home/carrie/Program/st-stm32cubeide_1.4.0_7511_20200720_0928_amd64.sh.root/plugins/com.st.stm32cube.ide.mcu.externaltools.gnu-tools-for-stm32.7-2018-q2-update.linux64_1.4.0.202007081208/tools/bin/../lib/gcc/arm-none-eabi/7.3.1/thumb/v7e-m/fpv4-sp/hard/crtbegin.o
                0x0000000020000210                . = ALIGN (0x4)

.bss            0x0000000020000210      0xb84 load address 0x000000000800baf8
                0x0000000020000210                _sbss = .
                0x0000000020000210                __bss_start__ = _sbss
 *(.bss)
 .bss           0x0000000020000210       0x1c /home/carrie/Program/st-stm32cubeide_1.4.0_7511_20200720_0928_amd64.sh.root/plugins/com.st.stm32cube.ide.mcu.externaltools.gnu-tools-for-stm32.7-2018-q2-update.linux64_1.4.0.202007081208/tools/bin/../lib/gcc/arm-none-eabi/7.3.1/thumb/v7e-m/fpv4-sp/hard/crtbegin.o
 .bss           0x000000002000022c      0x408 Core/Inc/SSD1306/ssd1306.o
 .bss           0x0000000020000634        0x2 Core/Src/BB.o
 *fill*         0x0000000020000636        0x2 
 .bss           0x0000000020000638      0x194 Core/Src/GPS.o
                0x0000000020000638                count
                0x000000002000063c                store
 .bss           0x00000000200007cc        0xa Core/Src/imu.o
                0x00000000200007cc                APwrMode
                0x00000000200007cd                Gscale
                0x00000000200007ce                GPwrMode
                0x00000000200007cf                MPwrMode
                0x00000000200007d0                PWRMode
                0x00000000200007d1                cal_imu
                0x00000000200007d2                cal_mag
                0x00000000200007d3                cal_acc
                0x00000000200007d4                cal_gyro
                0x00000000200007d5                cal_sys
 *fill*         0x00000000200007d6        0x2 
 .bss           0x00000000200007d8      0x208 Core/Src/main.o
                0x00000000200007d8                idx
                0x00000000200007dc                data
                0x00000000200009dc                numBytes
 .bss           0x00000000200009e0        0x8 Core/Src/syscalls.o
                0x00000000200009e4                __env
 *(.bss*)
 .bss.__malloc_free_list
                0x00000000200009e8        0x4 /home/carrie/Program/st-stm32cubeide_1.4.0_7511_20200720_0928_amd64.sh.root/plugins/com.st.stm32cube.ide.mcu.externaltools.gnu-tools-for-stm32.7-2018-q2-update.linux64_1.4.0.202007081208/tools/bin/../lib/gcc/arm-none-eabi/7.3.1/../../../../arm-none-eabi/lib/thumb/v7e-m/fpv4-sp/hard/libc_nano.a(lib_a-nano-mallocr.o)
                0x00000000200009e8                __malloc_free_list
 .bss.__malloc_sbrk_start
                0x00000000200009ec        0x4 /home/carrie/Program/st-stm32cubeide_1.4.0_7511_20200720_0928_amd64.sh.root/plugins/com.st.stm32cube.ide.mcu.externaltools.gnu-tools-for-stm32.7-2018-q2-update.linux64_1.4.0.202007081208/tools/bin/../lib/gcc/arm-none-eabi/7.3.1/../../../../arm-none-eabi/lib/thumb/v7e-m/fpv4-sp/hard/libc_nano.a(lib_a-nano-mallocr.o)
                0x00000000200009ec                __malloc_sbrk_start
 *(COMMON)
 COMMON         0x00000000200009f0      0x234 Core/Src/GPS.o
                0x00000000200009f0                GPS
 COMMON         0x0000000020000c24       0xe8 Core/Src/main.o
                0x0000000020000c24                hi2c3
                0x0000000020000c70                hi2c1
                0x0000000020000cbc                hi2c2
                0x0000000020000d08                state
 COMMON         0x0000000020000d0c       0x80 Core/Src/usart.o
                0x0000000020000d0c                huart2
 COMMON         0x0000000020000d8c        0x4 Drivers/STM32L4xx_HAL_Driver/Src/stm32l4xx_hal.o
                0x0000000020000d8c                uwTick
 COMMON         0x0000000020000d90        0x4 /home/carrie/Program/st-stm32cubeide_1.4.0_7511_20200720_0928_amd64.sh.root/plugins/com.st.stm32cube.ide.mcu.externaltools.gnu-tools-for-stm32.7-2018-q2-update.linux64_1.4.0.202007081208/tools/bin/../lib/gcc/arm-none-eabi/7.3.1/../../../../arm-none-eabi/lib/thumb/v7e-m/fpv4-sp/hard/libc_nano.a(lib_a-reent.o)
                0x0000000020000d90                errno
                0x0000000020000d94                . = ALIGN (0x4)
                0x0000000020000d94                _ebss = .
                0x0000000020000d94                __bss_end__ = _ebss

._user_heap_stack
                0x0000000020000d94      0x604 load address 0x000000000800baf8
                0x0000000020000d98                . = ALIGN (0x8)
 *fill*         0x0000000020000d94        0x4 
                0x0000000020000d98                PROVIDE (end = .)
                [!provide]                        PROVIDE (_end = .)
                0x0000000020000f98                . = (. + _Min_Heap_Size)
 *fill*         0x0000000020000d98      0x200 
                0x0000000020001398                . = (. + _Min_Stack_Size)
 *fill*         0x0000000020000f98      0x400 
                0x0000000020001398                . = ALIGN (0x8)

/DISCARD/
 libc.a(*)
 libm.a(*)
 libgcc.a(*)

.ARM.attributes
                0x0000000000000000       0x30
 *(.ARM.attributes)
 .ARM.attributes
                0x0000000000000000       0x22 /home/carrie/Program/st-stm32cubeide_1.4.0_7511_20200720_0928_amd64.sh.root/plugins/com.st.stm32cube.ide.mcu.externaltools.gnu-tools-for-stm32.7-2018-q2-update.linux64_1.4.0.202007081208/tools/bin/../lib/gcc/arm-none-eabi/7.3.1/thumb/v7e-m/fpv4-sp/hard/crti.o
 .ARM.attributes
                0x0000000000000022       0x34 /home/carrie/Program/st-stm32cubeide_1.4.0_7511_20200720_0928_amd64.sh.root/plugins/com.st.stm32cube.ide.mcu.externaltools.gnu-tools-for-stm32.7-2018-q2-update.linux64_1.4.0.202007081208/tools/bin/../lib/gcc/arm-none-eabi/7.3.1/thumb/v7e-m/fpv4-sp/hard/crtbegin.o
 .ARM.attributes
                0x0000000000000056       0x39 Core/Inc/SSD1306/ssd1306.o
 .ARM.attributes
                0x000000000000008f       0x39 Core/Inc/SSD1306/ssd1306_fonts.o
 .ARM.attributes
                0x00000000000000c8       0x39 Core/Src/BB.o
 .ARM.attributes
                0x0000000000000101       0x39 Core/Src/GPS.o
 .ARM.attributes
                0x000000000000013a       0x39 Core/Src/LoRa.o
 .ARM.attributes
                0x0000000000000173       0x39 Core/Src/imu.o
 .ARM.attributes
                0x00000000000001ac       0x39 Core/Src/main.o
 .ARM.attributes
                0x00000000000001e5       0x39 Core/Src/stm32l4xx_hal_msp.o
 .ARM.attributes
                0x000000000000021e       0x39 Core/Src/stm32l4xx_it.o
 .ARM.attributes
                0x0000000000000257       0x39 Core/Src/syscalls.o
 .ARM.attributes
                0x0000000000000290       0x39 Core/Src/system_stm32l4xx.o
 .ARM.attributes
                0x00000000000002c9       0x39 Core/Src/usart.o
 .ARM.attributes
                0x0000000000000302       0x39 Drivers/STM32L4xx_HAL_Driver/Src/stm32l4xx_hal.o
 .ARM.attributes
                0x000000000000033b       0x39 Drivers/STM32L4xx_HAL_Driver/Src/stm32l4xx_hal_cortex.o
 .ARM.attributes
                0x0000000000000374       0x39 Drivers/STM32L4xx_HAL_Driver/Src/stm32l4xx_hal_gpio.o
 .ARM.attributes
                0x00000000000003ad       0x39 Drivers/STM32L4xx_HAL_Driver/Src/stm32l4xx_hal_i2c.o
 .ARM.attributes
                0x00000000000003e6       0x39 Drivers/STM32L4xx_HAL_Driver/Src/stm32l4xx_hal_i2c_ex.o
 .ARM.attributes
                0x000000000000041f       0x39 Drivers/STM32L4xx_HAL_Driver/Src/stm32l4xx_hal_pwr_ex.o
 .ARM.attributes
                0x0000000000000458       0x39 Drivers/STM32L4xx_HAL_Driver/Src/stm32l4xx_hal_rcc.o
 .ARM.attributes
                0x0000000000000491       0x39 Drivers/STM32L4xx_HAL_Driver/Src/stm32l4xx_hal_rcc_ex.o
 .ARM.attributes
                0x00000000000004ca       0x39 Drivers/STM32L4xx_HAL_Driver/Src/stm32l4xx_hal_uart.o
 .ARM.attributes
                0x0000000000000503       0x21 startup/startup_stm32l476xx.o
 .ARM.attributes
                0x0000000000000524       0x34 /home/carrie/Program/st-stm32cubeide_1.4.0_7511_20200720_0928_amd64.sh.root/plugins/com.st.stm32cube.ide.mcu.externaltools.gnu-tools-for-stm32.7-2018-q2-update.linux64_1.4.0.202007081208/tools/bin/../lib/gcc/arm-none-eabi/7.3.1/../../../../arm-none-eabi/lib/thumb/v7e-m/fpv4-sp/hard/libc_nano.a(lib_a-errno.o)
 .ARM.attributes
                0x0000000000000558       0x34 /home/carrie/Program/st-stm32cubeide_1.4.0_7511_20200720_0928_amd64.sh.root/plugins/com.st.stm32cube.ide.mcu.externaltools.gnu-tools-for-stm32.7-2018-q2-update.linux64_1.4.0.202007081208/tools/bin/../lib/gcc/arm-none-eabi/7.3.1/../../../../arm-none-eabi/lib/thumb/v7e-m/fpv4-sp/hard/libc_nano.a(lib_a-impure.o)
 .ARM.attributes
                0x000000000000058c       0x34 /home/carrie/Program/st-stm32cubeide_1.4.0_7511_20200720_0928_amd64.sh.root/plugins/com.st.stm32cube.ide.mcu.externaltools.gnu-tools-for-stm32.7-2018-q2-update.linux64_1.4.0.202007081208/tools/bin/../lib/gcc/arm-none-eabi/7.3.1/../../../../arm-none-eabi/lib/thumb/v7e-m/fpv4-sp/hard/libc_nano.a(lib_a-init.o)
 .ARM.attributes
                0x00000000000005c0       0x34 /home/carrie/Program/st-stm32cubeide_1.4.0_7511_20200720_0928_amd64.sh.root/plugins/com.st.stm32cube.ide.mcu.externaltools.gnu-tools-for-stm32.7-2018-q2-update.linux64_1.4.0.202007081208/tools/bin/../lib/gcc/arm-none-eabi/7.3.1/../../../../arm-none-eabi/lib/thumb/v7e-m/fpv4-sp/hard/libc_nano.a(lib_a-memcpy-stub.o)
 .ARM.attributes
                0x00000000000005f4       0x34 /home/carrie/Program/st-stm32cubeide_1.4.0_7511_20200720_0928_amd64.sh.root/plugins/com.st.stm32cube.ide.mcu.externaltools.gnu-tools-for-stm32.7-2018-q2-update.linux64_1.4.0.202007081208/tools/bin/../lib/gcc/arm-none-eabi/7.3.1/../../../../arm-none-eabi/lib/thumb/v7e-m/fpv4-sp/hard/libc_nano.a(lib_a-memmove.o)
 .ARM.attributes
                0x0000000000000628       0x34 /home/carrie/Program/st-stm32cubeide_1.4.0_7511_20200720_0928_amd64.sh.root/plugins/com.st.stm32cube.ide.mcu.externaltools.gnu-tools-for-stm32.7-2018-q2-update.linux64_1.4.0.202007081208/tools/bin/../lib/gcc/arm-none-eabi/7.3.1/../../../../arm-none-eabi/lib/thumb/v7e-m/fpv4-sp/hard/libc_nano.a(lib_a-memset.o)
 .ARM.attributes