BB.c:470:16:constrain	0	static
BB.c:245:13:blockDataControl	32	static
BB.c:255:13:blockDataClass	32	static
BB.c:264:13:blockDataOffset	32	static
BB.c:304:13:writeBlockData	32	static
BB.c:295:13:writeBlockChecksum	32	static
BB.c:98:13:executeControlWord	32	static
BB.c:241:13:softReset	8	static
BB.c:281:16:computeBlockChecksum	56	static
BB.c:5:6:BB_Init	0	static
BB.c:74:10:readControlWord	32	static
BB.c:70:10:BB_deviceType	8	static
BB.c:11:6:BB_begin	8	static
BB.c:199:13:unseal	8	static
BB.c:194:13:seal	8	static
BB.c:89:10:readWord	32	static
BB.c:25:10:readVoltage	8	static
BB.c:29:10:readCapacity	8	static
BB.c:62:9:readAvgPower	8	static
BB.c:66:10:readTemp	8	static
BB.c:208:10:BB_status	8	static
BB.c:189:13:sealed	8	static
BB.c:212:10:BB_flags	8	static
BB.c:170:6:BB_enterConfig	16	static
BB.c:216:6:BB_exitConfig	16	static
BB.c:120:13:writeExtendedData	32	static
BB.c:110:6:setCap	24	static
BB.c:148:16:readExtendedData	16	static
BB.c:314:10:BB_soc	8	static
BB.c:328:9:BB_current	8	static
BB.c:345:9:BB_soh	8	static
BB.c:356:6:BB_GPOUTPolarity	8	static
BB.c:363:6:BB_setGPOUTPolarity	16	static
BB.c:381:6:BB_GPOUTFunction	8	static
BB.c:387:6:BB_setGPOUTFunction	16	static
BB.c:407:9:BB_SOC1SetThreshold	8	static
BB.c:412:9:BB_SOC1ClearThreshold	8	static
BB.c:417:6:BB_setSOC1Thresholds	32	static
BB.c:425:9:BB_SOCFSetThreshold	8	static
BB.c:430:9:BB_SOCFClearThreshold	8	static
BB.c:435:6:BB_setSOCFThresholds	32	static
BB.c:443:6:BB_socFlag	8	static
BB.c:449:6:BB_socfFlag	8	static
BB.c:455:9:BB_sociDelta	8	static
BB.c:460:6:BB_setSOCIDelta	24	static
BB.c:466:6:BB_pulseGPOUT	8	static
