main.c:474:6:SPI1_Init	0	static,ignoring_inline_asm
main.c:325:13:MX_GPIO_Init	80	static
main.c:451:13:MX_I2C1_Init	16	static
main.c:492:13:MX_I2C2_Init	16	static
main.c:515:13:MX_I2C3_Init	16	static
main.c:115:6:USART2_IRQHandler	8	static
main.c:135:6:displayHomeScreen	5920	static
main.c:159:5:sessionStart	16	static
main.c:194:6:session	88	static
main.c:249:6:zeroStats	96	static
main.c:279:6:HAL_GPIO_EXTI_Callback	24	static
main.c:536:6:SystemClock_Config	240	static
main.c:65:5:main	24	static
main.c:582:6:Error_Handler	0	static
