stm32l4xx_it.c:70:6:NMI_Handler	0	static
stm32l4xx_it.c:83:6:HardFault_Handler	0	static
stm32l4xx_it.c:98:6:MemManage_Handler	0	static
stm32l4xx_it.c:113:6:BusFault_Handler	0	static
stm32l4xx_it.c:128:6:UsageFault_Handler	0	static
stm32l4xx_it.c:140:6:SVC_Handler	0	static
stm32l4xx_it.c:142:6:DebugMon_Handler	0	static
stm32l4xx_it.c:144:6:PendSV_Handler	0	static
stm32l4xx_it.c:146:6:SysTick_Handler	8	static
stm32l4xx_it.c:157:6:EXTI1_IRQHandler	8	static
stm32l4xx_it.c:161:6:EXTI15_10_IRQHandler	8	static
stm32l4xx_it.c:166:6:EXTI2_IRQHandler	8	static
